Archive member included to satisfy reference by file (symbol)

.\CortexM0p\ARM_GCC_541\Debug\CE216892 USB-HID Trackpad.a(EZI2C.o)
                              .\CortexM0p\ARM_GCC_541\Debug\main.o (EZI2C_Start)
.\CortexM0p\ARM_GCC_541\Debug\CE216892 USB-HID Trackpad.a(EZI2C_PM.o)
                              .\CortexM0p\ARM_GCC_541\Debug\main.o (EZI2C_Sleep)
.\CortexM0p\ARM_GCC_541\Debug\CE216892 USB-HID Trackpad.a(EZI2C_EZI2C.o)
                              .\CortexM0p\ARM_GCC_541\Debug\CE216892 USB-HID Trackpad.a(EZI2C.o) (EZI2C_EzI2CInit)
.\CortexM0p\ARM_GCC_541\Debug\CE216892 USB-HID Trackpad.a(EZI2C_EZI2C_INT.o)
                              .\CortexM0p\ARM_GCC_541\Debug\CE216892 USB-HID Trackpad.a(EZI2C_EZI2C.o) (EZI2C_EZI2C_STRETCH_ISR)
.\CortexM0p\ARM_GCC_541\Debug\CE216892 USB-HID Trackpad.a(Red_LED.o)
                              .\CortexM0p\ARM_GCC_541\Debug\main.o (Red_LED_Write)
.\CortexM0p\ARM_GCC_541\Debug\CE216892 USB-HID Trackpad.a(CapSense_Control.o)
                              .\CortexM0p\ARM_GCC_541\Debug\main.o (CapSense_Start)
.\CortexM0p\ARM_GCC_541\Debug\CE216892 USB-HID Trackpad.a(CapSense_Processing.o)
                              .\CortexM0p\ARM_GCC_541\Debug\CE216892 USB-HID Trackpad.a(CapSense_Control.o) (CapSense_DpInitialize)
.\CortexM0p\ARM_GCC_541\Debug\CE216892 USB-HID Trackpad.a(CapSense_Structure.o)
                              .\CortexM0p\ARM_GCC_541\Debug\CE216892 USB-HID Trackpad.a(CapSense_Control.o) (CapSense_DsInitialize)
.\CortexM0p\ARM_GCC_541\Debug\CE216892 USB-HID Trackpad.a(CapSense_Tuner.o)
                              .\CortexM0p\ARM_GCC_541\Debug\CE216892 USB-HID Trackpad.a(CapSense_Control.o) (CapSense_TuInitialize)
.\CortexM0p\ARM_GCC_541\Debug\CE216892 USB-HID Trackpad.a(CapSense_Filter.o)
                              .\CortexM0p\ARM_GCC_541\Debug\CE216892 USB-HID Trackpad.a(CapSense_Control.o) (CapSense_InitializeAllBaselines)
.\CortexM0p\ARM_GCC_541\Debug\CE216892 USB-HID Trackpad.a(CapSense_Sensing.o)
                              .\CortexM0p\ARM_GCC_541\Debug\main.o (CapSense_IsBusy)
.\CortexM0p\ARM_GCC_541\Debug\CE216892 USB-HID Trackpad.a(CapSense_SensingCSD_LL.o)
                              .\CortexM0p\ARM_GCC_541\Debug\CE216892 USB-HID Trackpad.a(CapSense_Sensing.o) (CapSense_SsCSDSetShieldElectrodesState)
.\CortexM0p\ARM_GCC_541\Debug\CE216892 USB-HID Trackpad.a(CapSense_Centroid_LL.o)
                              .\CortexM0p\ARM_GCC_541\Debug\CE216892 USB-HID Trackpad.a(CapSense_Processing.o) (CapSense_DpFindLocalMaxSd)
.\CortexM0p\ARM_GCC_541\Debug\CE216892 USB-HID Trackpad.a(EZI2C_SCBCLK.o)
                              .\CortexM0p\ARM_GCC_541\Debug\CE216892 USB-HID Trackpad.a(EZI2C_EZI2C.o) (EZI2C_SCBCLK_StartEx)
.\CortexM0p\ARM_GCC_541\Debug\CE216892 USB-HID Trackpad.a(CapSense_ISR.o)
                              .\CortexM0p\ARM_GCC_541\Debug\CE216892 USB-HID Trackpad.a(CapSense_Sensing.o) (CapSense_ISR_StartEx)
.\CortexM0p\ARM_GCC_541\Debug\CE216892 USB-HID Trackpad.a(CyLib.o)
                              .\CortexM0p\ARM_GCC_541\Debug\main.o (CyIntEnable)
.\CortexM0p\ARM_GCC_541\Debug\CE216892 USB-HID Trackpad.a(cyPm.o)
                              .\CortexM0p\ARM_GCC_541\Debug\main.o (CySysPmSleep)
.\CortexM0p\ARM_GCC_541\Debug\CE216892 USB-HID Trackpad.a(CyLFClk.o)
                              .\CortexM0p\ARM_GCC_541\Debug\main.o (CySysClkIloStartMeasurement)
.\CortexM0p\ARM_GCC_541\Debug\CE216892 USB-HID Trackpad.a(CyBootAsmGnu.o)
                              .\CortexM0p\ARM_GCC_541\Debug\CE216892 USB-HID Trackpad.a(CyLib.o) (CyDelayCycles)
.\CortexM0p\ARM_GCC_541\Debug\CE216892 USB-HID Trackpad.a(CapSense_INT.o)
                              .\CortexM0p\ARM_GCC_541\Debug\CE216892 USB-HID Trackpad.a(CapSense_SensingCSD_LL.o) (CapSense_CSDPostSingleScan)
.\CortexM0p\ARM_GCC_541\Debug\CE216892 USB-HID Trackpad.a(CyFlash.o)
                              .\CortexM0p\ARM_GCC_541\Debug\CE216892 USB-HID Trackpad.a(CyLib.o) (CySysFlashSetWaitCycles)
c:/program files (x86)/cypress/psoc creator/4.4/psoc creator/import/gnu/arm/5.4.1/bin/../lib/gcc/arm-none-eabi/5.4.1/armv6-m\libgcc.a(_udivsi3.o)
                              .\CortexM0p\ARM_GCC_541\Debug\CE216892 USB-HID Trackpad.a(CapSense_SensingCSD_LL.o) (__aeabi_uidiv)
c:/program files (x86)/cypress/psoc creator/4.4/psoc creator/import/gnu/arm/5.4.1/bin/../lib/gcc/arm-none-eabi/5.4.1/armv6-m\libgcc.a(_divsi3.o)
                              .\CortexM0p\ARM_GCC_541\Debug\CE216892 USB-HID Trackpad.a(CapSense_Centroid_LL.o) (__aeabi_idiv)
c:/program files (x86)/cypress/psoc creator/4.4/psoc creator/import/gnu/arm/5.4.1/bin/../lib/gcc/arm-none-eabi/5.4.1/armv6-m\libgcc.a(_dvmd_tls.o)
                              c:/program files (x86)/cypress/psoc creator/4.4/psoc creator/import/gnu/arm/5.4.1/bin/../lib/gcc/arm-none-eabi/5.4.1/armv6-m\libgcc.a(_udivsi3.o) (__aeabi_idiv0)
[...]
Memory Configuration

Name             Origin             Length             Attributes
rom              0x00000000         0x00010000         xr
ram              0x20000000         0x00002000         xrw
*default*        0x00000000         0xffffffff

Linker script and memory map

LOAD c:/program files (x86)/cypress/psoc creator/4.4/psoc creator/import/gnu/arm/5.4.1/bin/../lib/gcc/arm-none-eabi/5.4.1/armv6-m/crti.o
LOAD c:/program files (x86)/cypress/psoc creator/4.4/psoc creator/import/gnu/arm/5.4.1/bin/../lib/gcc/arm-none-eabi/5.4.1/armv6-m/crtbegin.o
LOAD c:/program files (x86)/cypress/psoc creator/4.4/psoc creator/import/gnu/arm/5.4.1/bin/../lib/gcc/arm-none-eabi/5.4.1/../../../../arm-none-eabi/lib/armv6-m/crt0.o
START GROUP
LOAD .\CortexM0p\ARM_GCC_541\Debug\main.o
LOAD .\CortexM0p\ARM_GCC_541\Debug\cyfitter_cfg.o
LOAD .\CortexM0p\ARM_GCC_541\Debug\cymetadata.o
LOAD .\CortexM0p\ARM_GCC_541\Debug\Cm0plusStart.o
LOAD .\CortexM0p\ARM_GCC_541\Debug\CE216892 USB-HID Trackpad.a
LOAD C:\Program Files (x86)\Cypress\PSoC Creator\4.4\PSoC Creator\psoc\content\CyComponentLibrary\CyComponentLibrary.cylib\CapSense_P4_v7_0\PSoC4\Library\Capsense_P4Library_GCCp.a
END GROUP
START GROUP
LOAD c:/program files (x86)/cypress/psoc creator/4.4/psoc creator/import/gnu/arm/5.4.1/bin/../lib/gcc/arm-none-eabi/5.4.1/armv6-m\libgcc.a
LOAD c:/program files (x86)/cypress/psoc creator/4.4/psoc creator/import/gnu/arm/5.4.1/bin/../lib/gcc/arm-none-eabi/5.4.1/../../../../arm-none-eabi/lib/armv6-m\libg_nano.a
LOAD c:/program files (x86)/cypress/psoc creator/4.4/psoc creator/import/gnu/arm/5.4.1/bin/../lib/gcc/arm-none-eabi/5.4.1/../../../../arm-none-eabi/lib/armv6-m\libc_nano.a
END GROUP
START GROUP
LOAD c:/program files (x86)/cypress/psoc creator/4.4/psoc creator/import/gnu/arm/5.4.1/bin/../lib/gcc/arm-none-eabi/5.4.1/armv6-m\libgcc.a
LOAD c:/program files (x86)/cypress/psoc creator/4.4/psoc creator/import/gnu/arm/5.4.1/bin/../lib/gcc/arm-none-eabi/5.4.1/../../../../arm-none-eabi/lib/armv6-m\libc_nano.a
END GROUP
LOAD c:/program files (x86)/cypress/psoc creator/4.4/psoc creator/import/gnu/arm/5.4.1/bin/../lib/gcc/arm-none-eabi/5.4.1/armv6-m/crtend.o
LOAD c:/program files (x86)/cypress/psoc creator/4.4/psoc creator/import/gnu/arm/5.4.1/bin/../lib/gcc/arm-none-eabi/5.4.1/armv6-m/crtn.o
START GROUP
LOAD c:/program files (x86)/cypress/psoc creator/4.4/psoc creator/import/gnu/arm/5.4.1/bin/../lib/gcc/arm-none-eabi/5.4.1/armv6-m\libgcc.a
LOAD c:/program files (x86)/cypress/psoc creator/4.4/psoc creator/import/gnu/arm/5.4.1/bin/../lib/gcc/arm-none-eabi/5.4.1/../../../../arm-none-eabi/lib/armv6-m\libc.a
LOAD c:/program files (x86)/cypress/psoc creator/4.4/psoc creator/import/gnu/arm/5.4.1/bin/../lib/gcc/arm-none-eabi/5.4.1/../../../../arm-none-eabi/lib/armv6-m\libnosys.a
END GROUP
                0x00000000                CY_APPL_ORIGIN = 0x0
                0x00000080                CY_FLASH_ROW_SIZE = 0x80
                0x00000001                CY_APPL_NUM = 0x1
                0x00000001                CY_APPL_MAX = 0x1
                0x00000040                CY_METADATA_SIZE = 0x40
                0x00000000                CY_APPL_LOADABLE = 0x0
                0x00000000                CY_CHECKSUM_EXCLUDE_SIZE = ALIGN (0x0, CY_FLASH_ROW_SIZE)
                0x00000000                CY_APP_FOR_STACK_AND_COPIER = 0x0
                [!provide]                PROVIDE (__cy_heap_start, _end)
                0x00000001                PROVIDE (__cy_region_num, ((__cy_regions_end - __cy_regions) / 0x10))
                0x20002000                PROVIDE (__cy_stack, (ORIGIN (ram) + LENGTH (ram)))
                [!provide]                PROVIDE (__cy_heap_end, (__cy_stack - 0x800))

.cybootloader   0x00000000        0x0
 *(.cybootloader)
                0x00000000                appl1_start = CY_APPL_ORIGIN?CY_APPL_ORIGIN:ALIGN (CY_FLASH_ROW_SIZE)
                0x00007f80                appl2_start = (appl1_start + ALIGN ((((LENGTH (rom) - appl1_start) - (0x2 * CY_FLASH_ROW_SIZE)) / 0x2), CY_FLASH_ROW_SIZE))
                0x00000000                appl_start = (CY_APPL_NUM == 0x1)?appl1_start:appl2_start
                0x00000001                cy_project_type_bootloader = (appl_start == 0x0)?0x1:0x0
                0x00000000                cy_project_type_app_for_stack_and_copier = (CY_APP_FOR_STACK_AND_COPIER == 0x1)?0x1:0x0

.text           0x00000000     0x3206
 CREATE_OBJECT_SYMBOLS
                0x00000000                PROVIDE (__cy_interrupt_vector, RomVectors)
 *(.romvectors)
 .romvectors    0x00000000       0x10 .\CortexM0p\ARM_GCC_541\Debug\Cm0plusStart.o
                0x00000000                RomVectors
                0x00000001                ASSERT ((. != __cy_interrupt_vector), No interrupt vector)
                0x00000001                ASSERT (CY_APPL_ORIGIN?(SIZEOF (.cybootloader) <= CY_APPL_ORIGIN):0x1, Wrong image location)
                0x00000010                PROVIDE (__cy_reset, Reset)
 *(.text.Reset)
 .text.Reset    0x00000010        0xc .\CortexM0p\ARM_GCC_541\Debug\Cm0plusStart.o
                0x00000010                Reset
                0x00000001                ASSERT ((. != __cy_reset), No reset code)
 *(.psocinit)
 .psocinit      0x0000001c       0xfc .\CortexM0p\ARM_GCC_541\Debug\cyfitter_cfg.o
                0x00000090                cyfitter_cfg
                0x00000118                . = MAX (., 0x100)
 *(.text .text.* .gnu.linkonce.t.*)
 .text          0x00000118       0x60 c:/program files (x86)/cypress/psoc creator/4.4/psoc creator/import/gnu/arm/5.4.1/bin/../lib/gcc/arm-none-eabi/5.4.1/armv6-m/crtbegin.o
 .text.Timer_Interrupt
                0x00000178       0x24 .\CortexM0p\ARM_GCC_541\Debug\main.o
                0x00000178                Timer_Interrupt
 .text.capSenseInit
                0x0000019c       0x2c .\CortexM0p\ARM_GCC_541\Debug\main.o
                0x0000019c                capSenseInit
 .text.mouseDataProcess
                0x000001c8      0x104 .\CortexM0p\ARM_GCC_541\Debug\main.o
                0x000001c8                mouseDataProcess
 .text.i2cInit  0x000002cc       0x20 .\CortexM0p\ARM_GCC_541\Debug\main.o
                0x000002cc                i2cInit
 .text.updateI2cBuffer
                0x000002ec       0xb8 .\CortexM0p\ARM_GCC_541\Debug\main.o
                0x000002ec                updateI2cBuffer
 .text.enterDeepSleepLowPowerMode
                0x000003a4       0x2c .\CortexM0p\ARM_GCC_541\Debug\main.o
                0x000003a4                enterDeepSleepLowPowerMode
 .text.anyWidgetActive
                0x000003d0       0x30 .\CortexM0p\ARM_GCC_541\Debug\main.o
                0x000003d0                anyWidgetActive
 .text.CalibrateWdtMatchValue
                0x00000400       0x38 .\CortexM0p\ARM_GCC_541\Debug\main.o
                0x00000400                CalibrateWdtMatchValue
 .text.WDT_Start
                0x00000438       0x30 .\CortexM0p\ARM_GCC_541\Debug\main.o
                0x00000438                WDT_Start
 .text.main     0x00000468      0x1d8 .\CortexM0p\ARM_GCC_541\Debug\main.o
                0x00000468                main
 .text.SetAnalogRoutingPumps
                0x00000640       0x38 .\CortexM0p\ARM_GCC_541\Debug\cyfitter_cfg.o
                0x00000640                SetAnalogRoutingPumps
 .text.AnalogSetDefault
                0x00000678       0x28 .\CortexM0p\ARM_GCC_541\Debug\cyfitter_cfg.o
 .text.IntDefaultHandler
                0x000006a0       0x10 .\CortexM0p\ARM_GCC_541\Debug\Cm0plusStart.o
                0x000006a0                IntDefaultHandler
 .text.Start_c  0x000006b0       0x48 .\CortexM0p\ARM_GCC_541\Debug\Cm0plusStart.o
                0x000006b0                Start_c
 .text.initialize_psoc
                0x000006f8       0x40 .\CortexM0p\ARM_GCC_541\Debug\Cm0plusStart.o
                0x000006f8                initialize_psoc
 .text.EZI2C_ScbEnableIntr
                0x00000738        0xc .\CortexM0p\ARM_GCC_541\Debug\CE216892 USB-HID Trackpad.a(EZI2C.o)
 .text.EZI2C_Init
                0x00000744        0x8 .\CortexM0p\ARM_GCC_541\Debug\CE216892 USB-HID Trackpad.a(EZI2C.o)
                0x00000744                EZI2C_Init
 .text.EZI2C_Enable
                0x0000074c       0x18 .\CortexM0p\ARM_GCC_541\Debug\CE216892 USB-HID Trackpad.a(EZI2C.o)
                0x0000074c                EZI2C_Enable
 .text.EZI2C_Start
                0x00000764       0x20 .\CortexM0p\ARM_GCC_541\Debug\CE216892 USB-HID Trackpad.a(EZI2C.o)
                0x00000764                EZI2C_Start
 .text.EZI2C_Sleep
                0x00000784        0x8 .\CortexM0p\ARM_GCC_541\Debug\CE216892 USB-HID Trackpad.a(EZI2C_PM.o)
                0x00000784                EZI2C_Sleep
 .text.EZI2C_Wakeup
                0x0000078c        0x8 .\CortexM0p\ARM_GCC_541\Debug\CE216892 USB-HID Trackpad.a(EZI2C_PM.o)
                0x0000078c                EZI2C_Wakeup
 .text.EZI2C_EzI2CInit
                0x00000794       0xc8 .\CortexM0p\ARM_GCC_541\Debug\CE216892 USB-HID Trackpad.a(EZI2C_EZI2C.o)
                0x00000794                EZI2C_EzI2CInit
 .text.EZI2C_EzI2CGetActivity
                0x0000085c       0x24 .\CortexM0p\ARM_GCC_541\Debug\CE216892 USB-HID Trackpad.a(EZI2C_EZI2C.o)
                0x0000085c                EZI2C_EzI2CGetActivity
 .text.EZI2C_EzI2CSetBuffer1
                0x00000880       0x30 .\CortexM0p\ARM_GCC_541\Debug\CE216892 USB-HID Trackpad.a(EZI2C_EZI2C.o)
                0x00000880                EZI2C_EzI2CSetBuffer1
 .text.EZI2C_EzI2CSaveConfig
                0x000008b0       0x14 .\CortexM0p\ARM_GCC_541\Debug\CE216892 USB-HID Trackpad.a(EZI2C_EZI2C.o)
                0x000008b0                EZI2C_EzI2CSaveConfig
 .text.EZI2C_EzI2CRestoreConfig
                0x000008c4       0x14 .\CortexM0p\ARM_GCC_541\Debug\CE216892 USB-HID Trackpad.a(EZI2C_EZI2C.o)
                0x000008c4                EZI2C_EzI2CRestoreConfig
 .text.EZI2C_EZI2C_STRETCH_ISR
                0x000008d8      0x350 .\CortexM0p\ARM_GCC_541\Debug\CE216892 USB-HID Trackpad.a(EZI2C_EZI2C_INT.o)
                0x000008d8                EZI2C_EZI2C_STRETCH_ISR
 .text.Red_LED_Write
                0x00000c28       0x18 .\CortexM0p\ARM_GCC_541\Debug\CE216892 USB-HID Trackpad.a(Red_LED.o)
                0x00000c28                Red_LED_Write
 .text.CapSense_Initialize
                0x00000c40       0x28 .\CortexM0p\ARM_GCC_541\Debug\CE216892 USB-HID Trackpad.a(CapSense_Control.o)
                0x00000c40                CapSense_Initialize
 .text.CapSense_Start
                0x00000c68       0x48 .\CortexM0p\ARM_GCC_541\Debug\CE216892 USB-HID Trackpad.a(CapSense_Control.o)
                0x00000c68                CapSense_Start
 .text.CapSense_ProcessWidget
                0x00000cb0       0x50 .\CortexM0p\ARM_GCC_541\Debug\CE216892 USB-HID Trackpad.a(CapSense_Control.o)
                0x00000cb0                CapSense_ProcessWidget
 .text.CapSense_DpInitialize
                0x00000d00       0xa0 .\CortexM0p\ARM_GCC_541\Debug\CE216892 USB-HID Trackpad.a(CapSense_Processing.o)
                0x00000d00                CapSense_DpInitialize
 .text.CapSense_DpUpdateDifferences
                0x00000da0       0x18 .\CortexM0p\ARM_GCC_541\Debug\CE216892 USB-HID Trackpad.a(CapSense_Processing.o)
                0x00000da0                CapSense_DpUpdateDifferences
 .text.CapSense_DpProcessCsdWidgetRawCounts
                0x00000db8       0x68 .\CortexM0p\ARM_GCC_541\Debug\CE216892 USB-HID Trackpad.a(CapSense_Processing.o)
                0x00000db8                CapSense_DpProcessCsdWidgetRawCounts
 .text.CapSense_DpProcessButton
                0x00000e20       0x64 .\CortexM0p\ARM_GCC_541\Debug\CE216892 USB-HID Trackpad.a(CapSense_Processing.o)
                0x00000e20                CapSense_DpProcessButton
 .text.CapSense_DpProcessProximity
                0x00000e84       0x88 .\CortexM0p\ARM_GCC_541\Debug\CE216892 USB-HID Trackpad.a(CapSense_Processing.o)
                0x00000e84                CapSense_DpProcessProximity
 .text.CapSense_DpProcessCsdTouchpad
                0x00000f0c      0x198 .\CortexM0p\ARM_GCC_541\Debug\CE216892 USB-HID Trackpad.a(CapSense_Processing.o)
                0x00000f0c                CapSense_DpProcessCsdTouchpad
 .text.CapSense_DpProcessCsdWidgetStatus
                0x000010a4       0x7c .\CortexM0p\ARM_GCC_541\Debug\CE216892 USB-HID Trackpad.a(CapSense_Processing.o)
                0x000010a4                CapSense_DpProcessCsdWidgetStatus
 .text.CapSense_DsInitialize
                0x00001120       0x5c .\CortexM0p\ARM_GCC_541\Debug\CE216892 USB-HID Trackpad.a(CapSense_Structure.o)
                0x00001120                CapSense_DsInitialize
 .text.CapSense_IsAnyWidgetActive
                0x0000117c       0x20 .\CortexM0p\ARM_GCC_541\Debug\CE216892 USB-HID Trackpad.a(CapSense_Structure.o)
                0x0000117c                CapSense_IsAnyWidgetActive
 .text.CapSense_IsWidgetActive
                0x0000119c       0x24 .\CortexM0p\ARM_GCC_541\Debug\CE216892 USB-HID Trackpad.a(CapSense_Structure.o)
                0x0000119c                CapSense_IsWidgetActive
 .text.CapSense_GetXYCoordinates
                0x000011c0       0x3c .\CortexM0p\ARM_GCC_541\Debug\CE216892 USB-HID Trackpad.a(CapSense_Structure.o)
                0x000011c0                CapSense_GetXYCoordinates
 .text.CapSense_TuInitialize
                0x000011fc       0x14 .\CortexM0p\ARM_GCC_541\Debug\CE216892 USB-HID Trackpad.a(CapSense_Tuner.o)
                0x000011fc                CapSense_TuInitialize
 .text.CapSense_FtInitializeBaselineChannel
                0x00001210       0x28 .\CortexM0p\ARM_GCC_541\Debug\CE216892 USB-HID Trackpad.a(CapSense_Filter.o)
                0x00001210                CapSense_FtInitializeBaselineChannel
 .text.CapSense_FtInitializeBaseline
                0x00001238       0x20 .\CortexM0p\ARM_GCC_541\Debug\CE216892 USB-HID Trackpad.a(CapSense_Filter.o)
                0x00001238                CapSense_FtInitializeBaseline
 .text.CapSense_InitializeSensorBaseline
                0x00001258       0x24 .\CortexM0p\ARM_GCC_541\Debug\CE216892 USB-HID Trackpad.a(CapSense_Filter.o)
                0x00001258                CapSense_InitializeSensorBaseline
 .text.CapSense_InitializeWidgetBaseline
                0x0000127c       0x28 .\CortexM0p\ARM_GCC_541\Debug\CE216892 USB-HID Trackpad.a(CapSense_Filter.o)
                0x0000127c                CapSense_InitializeWidgetBaseline
 .text.CapSense_InitializeAllBaselines
                0x000012a4       0x18 .\CortexM0p\ARM_GCC_541\Debug\CE216892 USB-HID Trackpad.a(CapSense_Filter.o)
                0x000012a4                CapSense_InitializeAllBaselines
 .text.CapSense_InitializeIIRInternal
                0x000012bc       0x20 .\CortexM0p\ARM_GCC_541\Debug\CE216892 USB-HID Trackpad.a(CapSense_Filter.o)
                0x000012bc                CapSense_InitializeIIRInternal
 .text.CapSense_InitializeWidgetFilter
                0x000012dc       0x44 .\CortexM0p\ARM_GCC_541\Debug\CE216892 USB-HID Trackpad.a(CapSense_Filter.o)
                0x000012dc                CapSense_InitializeWidgetFilter
 .text.CapSense_InitializeAllFilters
                0x00001320       0x18 .\CortexM0p\ARM_GCC_541\Debug\CE216892 USB-HID Trackpad.a(CapSense_Filter.o)
                0x00001320                CapSense_InitializeAllFilters
 .text.CapSense_FtInitialize
                0x00001338        0x8 .\CortexM0p\ARM_GCC_541\Debug\CE216892 USB-HID Trackpad.a(CapSense_Filter.o)
                0x00001338                CapSense_FtInitialize
 .text.CapSense_FtIIR1stOrder
                0x00001340       0x14 .\CortexM0p\ARM_GCC_541\Debug\CE216892 USB-HID Trackpad.a(CapSense_Filter.o)
                0x00001340                CapSense_FtIIR1stOrder
 .text.CapSense_FtUpdateBaseline
                0x00001354       0xc0 .\CortexM0p\ARM_GCC_541\Debug\CE216892 USB-HID Trackpad.a(CapSense_Filter.o)
                0x00001354                CapSense_FtUpdateBaseline
 .text.CapSense_RunIIRInternal
                0x00001414       0x3c .\CortexM0p\ARM_GCC_541\Debug\CE216892 USB-HID Trackpad.a(CapSense_Filter.o)
                0x00001414                CapSense_RunIIRInternal
 .text.CapSense_FtRunEnabledFiltersInternal
                0x00001450        0x8 .\CortexM0p\ARM_GCC_541\Debug\CE216892 USB-HID Trackpad.a(CapSense_Filter.o)
                0x00001450                CapSense_FtRunEnabledFiltersInternal
 .text.CapSense_SsSetWidgetSenseClkSrc
                0x00001458       0x20 .\CortexM0p\ARM_GCC_541\Debug\CE216892 USB-HID Trackpad.a(CapSense_Sensing.o)
 .text.CapSense_IsBusy
                0x00001478       0x10 .\CortexM0p\ARM_GCC_541\Debug\CE216892 USB-HID Trackpad.a(CapSense_Sensing.o)
                0x00001478                CapSense_IsBusy
 .text.CapSense_SetupWidget
                0x00001488       0x40 .\CortexM0p\ARM_GCC_541\Debug\CE216892 USB-HID Trackpad.a(CapSense_Sensing.o)
                0x00001488                CapSense_SetupWidget
 .text.CapSense_Scan
                0x000014c8       0x2c .\CortexM0p\ARM_GCC_541\Debug\CE216892 USB-HID Trackpad.a(CapSense_Sensing.o)
                0x000014c8                CapSense_Scan
 .text.CapSense_ScanAllWidgets
                0x000014f4       0x48 .\CortexM0p\ARM_GCC_541\Debug\CE216892 USB-HID Trackpad.a(CapSense_Sensing.o)
                0x000014f4                CapSense_ScanAllWidgets
 .text.CapSense_SsSetAllIOsState
                0x0000153c       0x8c .\CortexM0p\ARM_GCC_541\Debug\CE216892 USB-HID Trackpad.a(CapSense_Sensing.o)
                0x0000153c                CapSense_SsSetAllIOsState
 .text.CapSense_SsPostAllWidgetsScan
                0x000015c8       0x78 .\CortexM0p\ARM_GCC_541\Debug\CE216892 USB-HID Trackpad.a(CapSense_Sensing.o)
                0x000015c8                CapSense_SsPostAllWidgetsScan
 .text.CapSense_SsSetModClkClockDivider
                0x00001640       0x30 .\CortexM0p\ARM_GCC_541\Debug\CE216892 USB-HID Trackpad.a(CapSense_Sensing.o)
                0x00001640                CapSense_SsSetModClkClockDivider
 .text.CapSense_CalibrateWidget
                0x00001670       0x1c .\CortexM0p\ARM_GCC_541\Debug\CE216892 USB-HID Trackpad.a(CapSense_Sensing.o)
                0x00001670                CapSense_CalibrateWidget
 .text.CapSense_CalibrateAllWidgets
                0x0000168c       0x1c .\CortexM0p\ARM_GCC_541\Debug\CE216892 USB-HID Trackpad.a(CapSense_Sensing.o)
                0x0000168c                CapSense_CalibrateAllWidgets
 .text.CapSense_SsInitializeSourceSenseClk
                0x000016a8       0x24 .\CortexM0p\ARM_GCC_541\Debug\CE216892 USB-HID Trackpad.a(CapSense_Sensing.o)
                0x000016a8                CapSense_SsInitializeSourceSenseClk
 .text.CapSense_DischargeExtCapacitors
                0x000016cc       0xc0 .\CortexM0p\ARM_GCC_541\Debug\CE216892 USB-HID Trackpad.a(CapSense_Sensing.o)
                0x000016cc                CapSense_DischargeExtCapacitors
 .text.CapSense_WriteBitsSafe
                0x0000178c       0x1c .\CortexM0p\ARM_GCC_541\Debug\CE216892 USB-HID Trackpad.a(CapSense_Sensing.o)
                0x0000178c                CapSense_WriteBitsSafe
 .text.CapSense_SsCSDDisableMode
                0x000017a8       0x1c .\CortexM0p\ARM_GCC_541\Debug\CE216892 USB-HID Trackpad.a(CapSense_Sensing.o)
 .text.CapSense_SsSwitchSensingMode
                0x000017c4       0x3c .\CortexM0p\ARM_GCC_541\Debug\CE216892 USB-HID Trackpad.a(CapSense_Sensing.o)
                0x000017c4                CapSense_SsSwitchSensingMode
 .text.CapSense_SsInitialize
                0x00001800       0x2c .\CortexM0p\ARM_GCC_541\Debug\CE216892 USB-HID Trackpad.a(CapSense_Sensing.o)
                0x00001800                CapSense_SsInitialize
 .text.CapSense_SsSetShieldDelay
                0x0000182c       0x18 .\CortexM0p\ARM_GCC_541\Debug\CE216892 USB-HID Trackpad.a(CapSense_SensingCSD_LL.o)
 .text.CapSense_SsCSDSetModeSnsClockDivider
                0x00001844       0x10 .\CortexM0p\ARM_GCC_541\Debug\CE216892 USB-HID Trackpad.a(CapSense_SensingCSD_LL.o)
 .text.CapSense_SsCSDSetFilterDelay
                0x00001854       0x54 .\CortexM0p\ARM_GCC_541\Debug\CE216892 USB-HID Trackpad.a(CapSense_SensingCSD_LL.o)
 .text.CapSense_SsCSDConfigIDACs
                0x000018a8       0x10 .\CortexM0p\ARM_GCC_541\Debug\CE216892 USB-HID Trackpad.a(CapSense_SensingCSD_LL.o)
 .text.CapSense_SsCSDCalibrateCheck
                0x000018b8       0x9c .\CortexM0p\ARM_GCC_541\Debug\CE216892 USB-HID Trackpad.a(CapSense_SensingCSD_LL.o)
 .text.CapSense_SsCSDSwitchIdacGain
                0x00001954       0x80 .\CortexM0p\ARM_GCC_541\Debug\CE216892 USB-HID Trackpad.a(CapSense_SensingCSD_LL.o)
 .text.CapSense_SsCSDSetShieldElectrodesState
                0x000019d4       0x90 .\CortexM0p\ARM_GCC_541\Debug\CE216892 USB-HID Trackpad.a(CapSense_SensingCSD_LL.o)
                0x000019d4                CapSense_SsCSDSetShieldElectrodesState
 .text.CapSense_SsCSDEnableShieldElectrodes
                0x00001a64        0xc .\CortexM0p\ARM_GCC_541\Debug\CE216892 USB-HID Trackpad.a(CapSense_SensingCSD_LL.o)
                0x00001a64                CapSense_SsCSDEnableShieldElectrodes
 .text.CapSense_SsCSDDisableShieldElectrodes
                0x00001a70        0xc .\CortexM0p\ARM_GCC_541\Debug\CE216892 USB-HID Trackpad.a(CapSense_SensingCSD_LL.o)
                0x00001a70                CapSense_SsCSDDisableShieldElectrodes
 .text.CapSense_SsCSDInitialize
                0x00001a7c      0x168 .\CortexM0p\ARM_GCC_541\Debug\CE216892 USB-HID Trackpad.a(CapSense_SensingCSD_LL.o)
                0x00001a7c                CapSense_SsCSDInitialize
 .text.CapSense_SsCSDSetUpIdacs
                0x00001be4       0x70 .\CortexM0p\ARM_GCC_541\Debug\CE216892 USB-HID Trackpad.a(CapSense_SensingCSD_LL.o)
                0x00001be4                CapSense_SsCSDSetUpIdacs
 .text.CapSense_SsCSDGetNumberOfConversions
                0x00001c54       0x20 .\CortexM0p\ARM_GCC_541\Debug\CE216892 USB-HID Trackpad.a(CapSense_SensingCSD_LL.o)
                0x00001c54                CapSense_SsCSDGetNumberOfConversions
 .text.CapSense_SsCSDConfigClock
                0x00001c74       0x68 .\CortexM0p\ARM_GCC_541\Debug\CE216892 USB-HID Trackpad.a(CapSense_SensingCSD_LL.o)
                0x00001c74                CapSense_SsCSDConfigClock
 .text.CapSense_SsCSDCalculateScanDuration
                0x00001cdc       0x44 .\CortexM0p\ARM_GCC_541\Debug\CE216892 USB-HID Trackpad.a(CapSense_SensingCSD_LL.o)
                0x00001cdc                CapSense_SsCSDCalculateScanDuration
 .text.CapSense_SsCSDStartSample
                0x00001d20       0xe8 .\CortexM0p\ARM_GCC_541\Debug\CE216892 USB-HID Trackpad.a(CapSense_SensingCSD_LL.o)
                0x00001d20                CapSense_SsCSDStartSample
 .text.CapSense_CSDScanExt
                0x00001e08       0x40 .\CortexM0p\ARM_GCC_541\Debug\CE216892 USB-HID Trackpad.a(CapSense_SensingCSD_LL.o)
                0x00001e08                CapSense_CSDScanExt
 .text.CapSense_CSDConnectSns
                0x00001e48       0x34 .\CortexM0p\ARM_GCC_541\Debug\CE216892 USB-HID Trackpad.a(CapSense_SensingCSD_LL.o)
                0x00001e48                CapSense_CSDConnectSns
 .text.CapSense_SsCSDConnectSensorExt
                0x00001e7c       0x68 .\CortexM0p\ARM_GCC_541\Debug\CE216892 USB-HID Trackpad.a(CapSense_SensingCSD_LL.o)
                0x00001e7c                CapSense_SsCSDConnectSensorExt
 .text.CapSense_CSDScan
                0x00001ee4       0xac .\CortexM0p\ARM_GCC_541\Debug\CE216892 USB-HID Trackpad.a(CapSense_SensingCSD_LL.o)
                0x00001ee4                CapSense_CSDScan
 .text.CapSense_CSDDisconnectSns
                0x00001f90       0x64 .\CortexM0p\ARM_GCC_541\Debug\CE216892 USB-HID Trackpad.a(CapSense_SensingCSD_LL.o)
                0x00001f90                CapSense_CSDDisconnectSns
 .text.CapSense_SsCSDElectrodeCheck
                0x00001ff4       0x64 .\CortexM0p\ARM_GCC_541\Debug\CE216892 USB-HID Trackpad.a(CapSense_SensingCSD_LL.o)
                0x00001ff4                CapSense_SsCSDElectrodeCheck
 .text.CapSense_CSDSetupWidget
                0x00002058       0x54 .\CortexM0p\ARM_GCC_541\Debug\CE216892 USB-HID Trackpad.a(CapSense_SensingCSD_LL.o)
                0x00002058                CapSense_CSDSetupWidget
 .text.CapSense_CSDSetupWidgetExt
                0x000020ac       0x94 .\CortexM0p\ARM_GCC_541\Debug\CE216892 USB-HID Trackpad.a(CapSense_SensingCSD_LL.o)
                0x000020ac                CapSense_CSDSetupWidgetExt
 .text.CapSense_SsCSDCalibrate
                0x00002140      0x1e8 .\CortexM0p\ARM_GCC_541\Debug\CE216892 USB-HID Trackpad.a(CapSense_SensingCSD_LL.o)
 .text.CapSense_SsCSDDisconnectSnsExt
                0x00002328       0x68 .\CortexM0p\ARM_GCC_541\Debug\CE216892 USB-HID Trackpad.a(CapSense_SensingCSD_LL.o)
                0x00002328                CapSense_SsCSDDisconnectSnsExt
 .text.CapSense_CSDCalibrateWidget
                0x00002390       0x6c .\CortexM0p\ARM_GCC_541\Debug\CE216892 USB-HID Trackpad.a(CapSense_SensingCSD_LL.o)
                0x00002390                CapSense_CSDCalibrateWidget
 .text.CapSense_DpFindLocalMaxSd
                0x000023fc       0xd8 .\CortexM0p\ARM_GCC_541\Debug\CE216892 USB-HID Trackpad.a(CapSense_Centroid_LL.o)
                0x000023fc                CapSense_DpFindLocalMaxSd
 .text.CapSense_DpCalcLinearCentroid
                0x000024d4       0x88 .\CortexM0p\ARM_GCC_541\Debug\CE216892 USB-HID Trackpad.a(CapSense_Centroid_LL.o)
                0x000024d4                CapSense_DpCalcLinearCentroid
 .text.CapSense_InitPosFiltersSd
                0x0000255c        0x8 .\CortexM0p\ARM_GCC_541\Debug\CE216892 USB-HID Trackpad.a(CapSense_Centroid_LL.o)
                0x0000255c                CapSense_InitPosFiltersSd
 .text.CapSense_InitPosFiltersDd
                0x00002564       0x18 .\CortexM0p\ARM_GCC_541\Debug\CE216892 USB-HID Trackpad.a(CapSense_Centroid_LL.o)
                0x00002564                CapSense_InitPosFiltersDd
 .text.CapSense_RunPosFiltersDd
                0x0000257c       0x68 .\CortexM0p\ARM_GCC_541\Debug\CE216892 USB-HID Trackpad.a(CapSense_Centroid_LL.o)
                0x0000257c                CapSense_RunPosFiltersDd
 .text.EZI2C_SCBCLK_StartEx
                0x000025e4       0x1c .\CortexM0p\ARM_GCC_541\Debug\CE216892 USB-HID Trackpad.a(EZI2C_SCBCLK.o)
                0x000025e4                EZI2C_SCBCLK_StartEx
 .text.EZI2C_SCBCLK_Stop
                0x00002600       0x18 .\CortexM0p\ARM_GCC_541\Debug\CE216892 USB-HID Trackpad.a(EZI2C_SCBCLK.o)
                0x00002600                EZI2C_SCBCLK_Stop
 .text.CapSense_ISR_SetVector
                0x00002618        0xc .\CortexM0p\ARM_GCC_541\Debug\CE216892 USB-HID Trackpad.a(CapSense_ISR.o)
                0x00002618                CapSense_ISR_SetVector
 .text.CapSense_ISR_SetPriority
                0x00002624       0x24 .\CortexM0p\ARM_GCC_541\Debug\CE216892 USB-HID Trackpad.a(CapSense_ISR.o)
                0x00002624                CapSense_ISR_SetPriority
 .text.CapSense_ISR_Enable
                0x00002648       0x10 .\CortexM0p\ARM_GCC_541\Debug\CE216892 USB-HID Trackpad.a(CapSense_ISR.o)
                0x00002648                CapSense_ISR_Enable
 .text.CapSense_ISR_Disable
                0x00002658       0x10 .\CortexM0p\ARM_GCC_541\Debug\CE216892 USB-HID Trackpad.a(CapSense_ISR.o)
                0x00002658                CapSense_ISR_Disable
 .text.CapSense_ISR_StartEx
                0x00002668       0x1c .\CortexM0p\ARM_GCC_541\Debug\CE216892 USB-HID Trackpad.a(CapSense_ISR.o)
                0x00002668                CapSense_ISR_StartEx
 .text.CySysClkImoDisableWcoLock
                0x00002684       0x4c .\CortexM0p\ARM_GCC_541\Debug\CE216892 USB-HID Trackpad.a(CyLib.o)
                0x00002684                CySysClkImoDisableWcoLock
 .text.CySysClkImoGetWcoLock
                0x000026d0       0x14 .\CortexM0p\ARM_GCC_541\Debug\CE216892 USB-HID Trackpad.a(CyLib.o)
                0x000026d0                CySysClkImoGetWcoLock
 .text.CyIntEnable
                0x000026e4       0x14 .\CortexM0p\ARM_GCC_541\Debug\CE216892 USB-HID Trackpad.a(CyLib.o)
                0x000026e4                CyIntEnable
 .text.CyIntDisable
                0x000026f8       0x14 .\CortexM0p\ARM_GCC_541\Debug\CE216892 USB-HID Trackpad.a(CyLib.o)
                0x000026f8                CyIntDisable
 .text.CyIntClearPending
                0x0000270c       0x14 .\CortexM0p\ARM_GCC_541\Debug\CE216892 USB-HID Trackpad.a(CyLib.o)
                0x0000270c                CyIntClearPending
 .text.CyHalt   0x00002720        0x4 .\CortexM0p\ARM_GCC_541\Debug\CE216892 USB-HID Trackpad.a(CyLib.o)
                0x00002720                CyHalt
 .text.CyIntSetVector
                0x00002724       0x24 .\CortexM0p\ARM_GCC_541\Debug\CE216892 USB-HID Trackpad.a(CyLib.o)
                0x00002724                CyIntSetVector
 .text.CyIntSetPriority
                0x00002748       0x4c .\CortexM0p\ARM_GCC_541\Debug\CE216892 USB-HID Trackpad.a(CyLib.o)
                0x00002748                CyIntSetPriority
 .text.CyDelay  0x00002794       0x30 .\CortexM0p\ARM_GCC_541\Debug\CE216892 USB-HID Trackpad.a(CyLib.o)
                0x00002794                CyDelay
 .text.CySysClkImoEnableWcoLock
                0x000027c4       0xd0 .\CortexM0p\ARM_GCC_541\Debug\CE216892 USB-HID Trackpad.a(CyLib.o)
                0x000027c4                CySysClkImoEnableWcoLock
 .text.CySysClkWriteImoFreq
                0x00002894       0xd8 .\CortexM0p\ARM_GCC_541\Debug\CE216892 USB-HID Trackpad.a(CyLib.o)
                0x00002894                CySysClkWriteImoFreq
 .text.CyDelayUs
                0x0000296c       0x14 .\CortexM0p\ARM_GCC_541\Debug\CE216892 USB-HID Trackpad.a(CyLib.o)
                0x0000296c                CyDelayUs
 .text.CySysPmSleep
                0x00002980       0x1c .\CortexM0p\ARM_GCC_541\Debug\CE216892 USB-HID Trackpad.a(cyPm.o)
                0x00002980                CySysPmSleep
 .text.CySysPmDeepSleep
                0x0000299c       0x84 .\CortexM0p\ARM_GCC_541\Debug\CE216892 USB-HID Trackpad.a(cyPm.o)
                0x0000299c                CySysPmDeepSleep
 .text.CySysClkGetTimerSource
                0x00002a20       0x10 .\CortexM0p\ARM_GCC_541\Debug\CE216892 USB-HID Trackpad.a(CyLFClk.o)
 .text.CySysClkIloStartMeasurement
                0x00002a30       0x34 .\CortexM0p\ARM_GCC_541\Debug\CE216892 USB-HID Trackpad.a(CyLFClk.o)
                0x00002a30                CySysClkIloStartMeasurement
 .text.CySysClkIloStopMeasurement
                0x00002a64       0x28 .\CortexM0p\ARM_GCC_541\Debug\CE216892 USB-HID Trackpad.a(CyLFClk.o)
                0x00002a64                CySysClkIloStopMeasurement
 .text.CySysClkIloCompensate
                0x00002a8c      0x10c .\CortexM0p\ARM_GCC_541\Debug\CE216892 USB-HID Trackpad.a(CyLFClk.o)
                0x00002a8c                CySysClkIloCompensate
 .text.CySysClkWcoEnabled
                0x00002b98       0x14 .\CortexM0p\ARM_GCC_541\Debug\CE216892 USB-HID Trackpad.a(CyLFClk.o)
                0x00002b98                CySysClkWcoEnabled
 .text.CySysWdtDisable
                0x00002bac       0x10 .\CortexM0p\ARM_GCC_541\Debug\CE216892 USB-HID Trackpad.a(CyLFClk.o)
                0x00002bac                CySysWdtDisable
 .text.CySysWdtSetMatch
                0x00002bbc       0x18 .\CortexM0p\ARM_GCC_541\Debug\CE216892 USB-HID Trackpad.a(CyLFClk.o)
                0x00002bbc                CySysWdtSetMatch
 .text.CySysWdtGetMatch
                0x00002bd4       0x10 .\CortexM0p\ARM_GCC_541\Debug\CE216892 USB-HID Trackpad.a(CyLFClk.o)
                0x00002bd4                CySysWdtGetMatch
 .text.CySysWdtGetCount
                0x00002be4        0xc .\CortexM0p\ARM_GCC_541\Debug\CE216892 USB-HID Trackpad.a(CyLFClk.o)
                0x00002be4                CySysWdtGetCount
 .text.CySysWdtClearInterrupt
                0x00002bf0       0x10 .\CortexM0p\ARM_GCC_541\Debug\CE216892 USB-HID Trackpad.a(CyLFClk.o)
                0x00002bf0                CySysWdtClearInterrupt
 .text.CySysWdtUnmaskInterrupt
                0x00002c00       0x10 .\CortexM0p\ARM_GCC_541\Debug\CE216892 USB-HID Trackpad.a(CyLFClk.o)
                0x00002c00                CySysWdtUnmaskInterrupt
 .text.CySysClkSetTimerSource
                0x00002c10       0x68 .\CortexM0p\ARM_GCC_541\Debug\CE216892 USB-HID Trackpad.a(CyLFClk.o)
                0x00002c10                CySysClkSetTimerSource
 .text          0x00002c78       0x20 .\CortexM0p\ARM_GCC_541\Debug\CE216892 USB-HID Trackpad.a(CyBootAsmGnu.o)
                0x00002c78                CyDelayCycles
                0x00002c8a                CyEnterCriticalSection
                0x00002c92                CyExitCriticalSection
 .text.CapSense_SsCSDPostScan
                0x00002c98       0x5c .\CortexM0p\ARM_GCC_541\Debug\CE216892 USB-HID Trackpad.a(CapSense_INT.o)
 .text.CapSense_SsCSDInitNextScan
                0x00002cf4       0xb8 .\CortexM0p\ARM_GCC_541\Debug\CE216892 USB-HID Trackpad.a(CapSense_INT.o)
 .text.CapSense_CSDPostSingleScan
                0x00002dac       0x2c .\CortexM0p\ARM_GCC_541\Debug\CE216892 USB-HID Trackpad.a(CapSense_INT.o)
                0x00002dac                CapSense_CSDPostSingleScan
 .text.CapSense_CSDPostMultiScan
                0x00002dd8       0x44 .\CortexM0p\ARM_GCC_541\Debug\CE216892 USB-HID Trackpad.a(CapSense_INT.o)
                0x00002dd8                CapSense_CSDPostMultiScan
 .text.CapSense_CSDPostMultiScanGanged
                0x00002e1c       0x30 .\CortexM0p\ARM_GCC_541\Debug\CE216892 USB-HID Trackpad.a(CapSense_INT.o)
                0x00002e1c                CapSense_CSDPostMultiScanGanged
 .text.CySysFlashSetWaitCycles
                0x00002e4c       0x54 .\CortexM0p\ARM_GCC_541\Debug\CE216892 USB-HID Trackpad.a(CyFlash.o)
                0x00002e4c                CySysFlashSetWaitCycles
 .text          0x00002ea0      0x114 c:/program files (x86)/cypress/psoc creator/4.4/psoc creator/import/gnu/arm/5.4.1/bin/../lib/gcc/arm-none-eabi/5.4.1/armv6-m\libgcc.a(_udivsi3.o)
                0x00002ea0                __aeabi_uidiv
                0x00002ea0                __udivsi3
                0x00002fac                __aeabi_uidivmod
 .text          0x00002fb4      0x1d4 c:/program files (x86)/cypress/psoc creator/4.4/psoc creator/import/gnu/arm/5.4.1/bin/../lib/gcc/arm-none-eabi/5.4.1/armv6-m\libgcc.a(_divsi3.o)
                0x00002fb4                __divsi3
                0x00002fb4                __aeabi_idiv
                0x00003180                __aeabi_idivmod
 .text          0x00003188        0x4 c:/program files (x86)/cypress/psoc creator/4.4/psoc creator/import/gnu/arm/5.4.1/bin/../lib/gcc/arm-none-eabi/5.4.1/armv6-m\libgcc.a(_dvmd_tls.o)
                0x00003188                __aeabi_idiv0
                0x00003188                __aeabi_ldiv0
 .text.__errno  0x0000318c        0xc c:/program files (x86)/cypress/psoc creator/4.4/psoc creator/import/gnu/arm/5.4.1/bin/../lib/gcc/arm-none-eabi/5.4.1/../../../../arm-none-eabi/lib/armv6-m\libg_nano.a(lib_a-errno.o)
                0x0000318c                __errno
 .text.__libc_init_array
                0x00003198       0x4c c:/program files (x86)/cypress/psoc creator/4.4/psoc creator/import/gnu/arm/5.4.1/bin/../lib/gcc/arm-none-eabi/5.4.1/../../../../arm-none-eabi/lib/armv6-m\libg_nano.a(lib_a-init.o)
                0x00003198                __libc_init_array
 .text.memcpy   0x000031e4       0x12 c:/program files (x86)/cypress/psoc creator/4.4/psoc creator/import/gnu/arm/5.4.1/bin/../lib/gcc/arm-none-eabi/5.4.1/../../../../arm-none-eabi/lib/armv6-m\libg_nano.a(lib_a-memcpy-stub.o)
                0x000031e4                memcpy
 .text.memset   0x000031f6       0x10 c:/program files (x86)/cypress/psoc creator/4.4/psoc creator/import/gnu/arm/5.4.1/bin/../lib/gcc/arm-none-eabi/5.4.1/../../../../arm-none-eabi/lib/armv6-m\libg_nano.a(lib_a-memset.o)
                0x000031f6                memset
 *(.plt)
 *(.gnu.warning)
 *(.glue_7t)
 .glue_7t       0x00003206        0x0 linker stubs
 *(.glue_7)
 .glue_7        0x00003206        0x0 linker stubs
 *(.vfp11_veneer)
 .vfp11_veneer  0x00003206        0x0 linker stubs
 *(.bootloader)
 *(.ARM.extab* .gnu.linkonce.armextab.*)
 *(.gcc_except_table)

.v4_bx          0x00003208        0x0
 .v4_bx         0x00003208        0x0 linker stubs

.iplt           0x00003208        0x0
 .iplt          0x00003208        0x0 c:/program files (x86)/cypress/psoc creator/4.4/psoc creator/import/gnu/arm/5.4.1/bin/../lib/gcc/arm-none-eabi/5.4.1/armv6-m/crtbegin.o

.eh_frame_hdr
 *(.eh_frame_hdr)

.eh_frame       0x00003208        0x4
 *(.eh_frame)
 .eh_frame      0x00003208        0x0 c:/program files (x86)/cypress/psoc creator/4.4/psoc creator/import/gnu/arm/5.4.1/bin/../lib/gcc/arm-none-eabi/5.4.1/armv6-m/crtbegin.o
 .eh_frame      0x00003208        0x4 c:/program files (x86)/cypress/psoc creator/4.4/psoc creator/import/gnu/arm/5.4.1/bin/../lib/gcc/arm-none-eabi/5.4.1/armv6-m/crtend.o
                [!provide]                PROVIDE (__exidx_start, .)

.ARM.exidx
 *(.ARM.exidx* .gnu.linkonce.armexidx.*)
                0x0000320c                __exidx_end = .

.rodata         0x0000320c      0x45c
 *(.rodata .rodata.* .gnu.linkonce.r.*)
 .rodata        0x0000320c      0x3f4 .\CortexM0p\ARM_GCC_541\Debug\CE216892 USB-HID Trackpad.a(CapSense_Structure.o)
                0x0000320c                CapSense_ramWidgetInit
                0x0000325c                CapSense_dsFlash
                0x00003330                CapSense_shieldIoList
                0x00003344                CapSense_ioList
 .rodata        0x00003600       0x31 .\CortexM0p\ARM_GCC_541\Debug\CE216892 USB-HID Trackpad.a(CapSense_Sensing.o)
                0x00003600                CapSense_idacGainTable
                0x00003630                CapSense_scanFreqIndex
 .rodata.str1.1
                0x00003631        0x2 c:/program files (x86)/cypress/psoc creator/4.4/psoc creator/import/gnu/arm/5.4.1/bin/../lib/gcc/arm-none-eabi/5.4.1/../../../../arm-none-eabi/lib/armv6-m\libg_nano.a(lib_a-impure.o)
                0x00003634                . = ALIGN (0x4)
 *fill*         0x00003633        0x1 
 *(.init)
 .init          0x00003634        0x4 c:/program files (x86)/cypress/psoc creator/4.4/psoc creator/import/gnu/arm/5.4.1/bin/../lib/gcc/arm-none-eabi/5.4.1/armv6-m/crti.o
                0x00003634                _init
 .init          0x00003638        0x8 c:/program files (x86)/cypress/psoc creator/4.4/psoc creator/import/gnu/arm/5.4.1/bin/../lib/gcc/arm-none-eabi/5.4.1/armv6-m/crtn.o
                0x00003640                . = ALIGN (0x4)
                0x00003640                __preinit_array_start = .
 *(.preinit_array)
                0x00003640                __preinit_array_end = .
                0x00003640                . = ALIGN (0x4)
                0x00003640                __init_array_start = .
 *(SORT(.init_array.*))
 *(.init_array)
 .init_array    0x00003640        0x4 c:/program files (x86)/cypress/psoc creator/4.4/psoc creator/import/gnu/arm/5.4.1/bin/../lib/gcc/arm-none-eabi/5.4.1/armv6-m/crtbegin.o
 .init_array    0x00003644        0x4 .\CortexM0p\ARM_GCC_541\Debug\Cm0plusStart.o
                0x00003648                __init_array_end = .
                0x00003648                . = ALIGN (0x4)
 *(.fini)
 .fini          0x00003648        0x4 c:/program files (x86)/cypress/psoc creator/4.4/psoc creator/import/gnu/arm/5.4.1/bin/../lib/gcc/arm-none-eabi/5.4.1/armv6-m/crti.o
                0x00003648                _fini
 .fini          0x0000364c        0x8 c:/program files (x86)/cypress/psoc creator/4.4/psoc creator/import/gnu/arm/5.4.1/bin/../lib/gcc/arm-none-eabi/5.4.1/armv6-m/crtn.o
                0x00003654                . = ALIGN (0x4)
                0x00003654                __fini_array_start = .
 *(.fini_array)
 .fini_array    0x00003654        0x4 c:/program files (x86)/cypress/psoc creator/4.4/psoc creator/import/gnu/arm/5.4.1/bin/../lib/gcc/arm-none-eabi/5.4.1/armv6-m/crtbegin.o
 *(SORT(.fini_array.*))
                0x00003658                __fini_array_end = .
                0x00003658                . = ALIGN (0x4)
 *crtbegin.o(.ctors)
 *(EXCLUDE_FILE(*crtend.o) .ctors)
 *(SORT(.ctors.*))
 *crtend.o(.ctors)
                0x00003658                . = ALIGN (0x4)
 *crtbegin.o(.dtors)
 *(EXCLUDE_FILE(*crtend.o) .dtors)
 *(SORT(.dtors.*))
 *crtend.o(.dtors)
                0x00003658                . = ALIGN (0x4)
                0x00003658                __cy_regions = .
                0x00003658        0x4 LONG 0x3668 __cy_region_init_ram
                0x0000365c        0x4 LONG 0x20000090 __cy_region_start_data
                0x00003660        0x4 LONG 0x88 __cy_region_init_size_ram
                0x00003664        0x4 LONG 0x1f0 __cy_region_zero_size_ram
                0x00003668                __cy_regions_end = .
                0x00003668                . = ALIGN (0x8)
                0x00003668                _etext = .

.cy_checksum_exclude
                0x00003668        0x0
 *(.cy_checksum_exclude)

.ramvectors     0x20000000       0x90
                0x20000000                __cy_region_start_ram = .
 *(.ramvectors)
 .ramvectors    0x20000000       0x90 .\CortexM0p\ARM_GCC_541\Debug\Cm0plusStart.o
                0x20000000                CyRamVectors

.noinit
 *(.noinit)

.data           0x20000090       0x88 load address 0x00003668
                0x20000090                __cy_region_start_data = .
 *(.jcr)
 .jcr           0x20000090        0x0 c:/program files (x86)/cypress/psoc creator/4.4/psoc creator/import/gnu/arm/5.4.1/bin/../lib/gcc/arm-none-eabi/5.4.1/armv6-m/crtbegin.o
 .jcr           0x20000090        0x4 c:/program files (x86)/cypress/psoc creator/4.4/psoc creator/import/gnu/arm/5.4.1/bin/../lib/gcc/arm-none-eabi/5.4.1/armv6-m/crtend.o
 *(.got.plt)
 *(.got)
 *(.shdata)
 *(.data .data.* .gnu.linkonce.d.*)
 .data          0x20000094        0x4 .\CortexM0p\ARM_GCC_541\Debug\main.o
                0x20000094                wdtMatchValue
 .data          0x20000098        0x4 .\CortexM0p\ARM_GCC_541\Debug\CE216892 USB-HID Trackpad.a(CapSense_SensingCSD_LL.o)
                0x20000098                CapSense_configCsd
 .data          0x2000009c       0x14 .\CortexM0p\ARM_GCC_541\Debug\CE216892 USB-HID Trackpad.a(CyLib.o)
                0x2000009c                CySysClkPumpConfig
                0x200000a0                cydelay32kMs
                0x200000a4                cydelayFreqKhz
                0x200000a8                cydelayFreqMhz
                0x200000ac                cydelayFreqHz
 .data.impure_data
                0x200000b0       0x60 c:/program files (x86)/cypress/psoc creator/4.4/psoc creator/import/gnu/arm/5.4.1/bin/../lib/gcc/arm-none-eabi/5.4.1/../../../../arm-none-eabi/lib/armv6-m\libg_nano.a(lib_a-impure.o)
 .data._impure_ptr
                0x20000110        0x4 c:/program files (x86)/cypress/psoc creator/4.4/psoc creator/import/gnu/arm/5.4.1/bin/../lib/gcc/arm-none-eabi/5.4.1/../../../../arm-none-eabi/lib/armv6-m\libg_nano.a(lib_a-impure.o)
                0x20000110                _impure_ptr
                0x20000118                . = ALIGN (0x8)
 *fill*         0x20000114        0x4 
 *(.ram)
                0x20000118                _edata = .

.igot.plt       0x20000118        0x0 load address 0x000036f0
 .igot.plt      0x20000118        0x0 c:/program files (x86)/cypress/psoc creator/4.4/psoc creator/import/gnu/arm/5.4.1/bin/../lib/gcc/arm-none-eabi/5.4.1/armv6-m/crtbegin.o

.bss            0x20000118      0x1f0 load address 0x000036f0
                0x20000118                PROVIDE (__bss_start__, .)
 *(.shbss)
 *(.bss .bss.* .gnu.linkonce.b.*)
 .bss           0x20000118       0x1c c:/program files (x86)/cypress/psoc creator/4.4/psoc creator/import/gnu/arm/5.4.1/bin/../lib/gcc/arm-none-eabi/5.4.1/armv6-m/crtbegin.o
 .bss           0x20000134        0x5 .\CortexM0p\ARM_GCC_541\Debug\main.o
                0x20000134                wdtInterruptOccured
 *fill*         0x20000139        0x3 
 .bss           0x2000013c        0x8 .\CortexM0p\ARM_GCC_541\Debug\CE216892 USB-HID Trackpad.a(EZI2C.o)
                0x2000013c                EZI2C_initVar
                0x20000140                EZI2C_customIntrHandler
 .bss           0x20000144        0x2 .\CortexM0p\ARM_GCC_541\Debug\CE216892 USB-HID Trackpad.a(EZI2C_EZI2C_INT.o)
 .bss           0x20000146        0x1 .\CortexM0p\ARM_GCC_541\Debug\CE216892 USB-HID Trackpad.a(CapSense_Control.o)
 *fill*         0x20000147        0x1 
 .bss           0x20000148       0x15 .\CortexM0p\ARM_GCC_541\Debug\CE216892 USB-HID Trackpad.a(CapSense_Structure.o)
 *fill*         0x2000015d        0x3 
 .bss           0x20000160        0x4 .\CortexM0p\ARM_GCC_541\Debug\CE216892 USB-HID Trackpad.a(CapSense_Tuner.o)
 .bss           0x20000164        0xd .\CortexM0p\ARM_GCC_541\Debug\CE216892 USB-HID Trackpad.a(CapSense_Sensing.o)
                0x20000164                CapSense_currentSenseMethod
                0x20000165                CapSense_requestScanAllWidget
                0x20000166                CapSense_widgetIndex
                0x20000168                CapSense_curFlashSnsPtr
                0x2000016c                CapSense_curFlashWdgtPtr
                0x20000170                CapSense_sensorIndex
 .bss           0x20000171        0x1 .\CortexM0p\ARM_GCC_541\Debug\CE216892 USB-HID Trackpad.a(CapSense_SensingCSD_LL.o)
 *fill*         0x20000172        0x2 
 .bss           0x20000174        0xe .\CortexM0p\ARM_GCC_541\Debug\CE216892 USB-HID Trackpad.a(CapSense_Centroid_LL.o)
 *fill*         0x20000182        0x2 
 .bss           0x20000184       0x18 .\CortexM0p\ARM_GCC_541\Debug\CE216892 USB-HID Trackpad.a(CyLFClk.o)
 *(COMMON)
 COMMON         0x2000019c       0x28 .\CortexM0p\ARM_GCC_541\Debug\main.o
                0x2000019c                prevTouchPosition
                0x200001a0                diffPosition
                0x200001a4                mouseClickData
                0x200001a8                ezI2cBuffer
                0x200001b8                xyDirectionData
                0x200001ba                fingerStatus
                0x200001bc                deviceScanMode
                0x200001c0                touchPosition
 COMMON         0x200001c4       0x12 .\CortexM0p\ARM_GCC_541\Debug\CE216892 USB-HID Trackpad.a(EZI2C_EZI2C.o)
                0x200001c4                EZI2C_offsetBuf1
                0x200001c6                EZI2C_indexBuf1
                0x200001c8                EZI2C_fsmState
                0x200001ca                EZI2C_protectBuf1
                0x200001cc                EZI2C_curStatus
                0x200001d0                EZI2C_dataBuffer1
                0x200001d4                EZI2C_bufSizeBuf1
 *fill*         0x200001d6        0x2 
 COMMON         0x200001d8      0x124 .\CortexM0p\ARM_GCC_541\Debug\CE216892 USB-HID Trackpad.a(CapSense_Structure.o)
                0x200001d8                CapSense_dsRam
 COMMON         0x200002fc        0x8 .\CortexM0p\ARM_GCC_541\Debug\CE216892 USB-HID Trackpad.a(CapSense_Sensing.o)
                0x200002fc                CapSense_curRamSnsPtr
                0x20000300                CapSense_curSnsIOPtr
                0x20000308                . = ALIGN (0x8)
 *fill*         0x20000304        0x4 
 *(.ram.b)
                0x20000308                _end = .
                0x20000308                __end = .
                0x20000308                PROVIDE (end, .)
                0x20000308                PROVIDE (__bss_end__, .)
                0x00003668                __cy_region_init_ram = LOADADDR (.data)
                0x00000088                __cy_region_init_size_ram = (_edata - ADDR (.data))
                0x000001f0                __cy_region_zero_size_ram = (_end - _edata)

.heap           0x20000308       0x80 load address 0x000036f0
                0x20000308                . = _end
                0x20000388                . = (. + 0x80)
 *fill*         0x20000308       0x80 
                0x20000388                __cy_heap_limit = .

.stack          0x20001800      0x800
                0x20001800                __cy_stack_limit = .
                0x20002000                . = (. + 0x800)
 *fill*         0x20001800      0x800 
                0x00000001                ASSERT ((__cy_stack_limit >= __cy_heap_limit), region RAM overflowed with stack)
                0x00000000                cy_checksum_exclude_size = (CY_APPL_LOADABLE == 0x1)?SIZEOF (.cy_checksum_exclude):0x0
                0x00000001                ASSERT ((cy_checksum_exclude_size <= CY_CHECKSUM_EXCLUDE_SIZE), CY_BOOT: Section .cy_checksum_exclude size exceedes specified limit.)
                0x0000ffc0                cyloadermeta_start = (cy_project_type_bootloader || cy_project_type_app_for_stack_and_copier)?(LENGTH (rom) - CY_METADATA_SIZE):0xf0000000

.cyloadermeta
 *(.cyloadermeta)
                0x0000ffc0                cyloadablemeta_start = cy_project_type_app_for_stack_and_copier?((LENGTH (rom) - CY_FLASH_ROW_SIZE) - CY_METADATA_SIZE):((LENGTH (rom) - (CY_FLASH_ROW_SIZE * (CY_APPL_NUM - 0x1))) - CY_METADATA_SIZE)

.cyloadablemeta
 *(.cyloadablemeta)

.cyflashprotect
                0x90400000       0x40
 *(.cyflashprotect)
 .cyflashprotect
                0x90400000       0x40 .\CortexM0p\ARM_GCC_541\Debug\cymetadata.o
                0x90400000                cy_meta_flashprotect

.cymeta         0x90500000        0xc
 *(.cymeta)
 .cymeta        0x90500000        0xc .\CortexM0p\ARM_GCC_541\Debug\cymetadata.o
                0x90500000                cy_metadata

.cychipprotect  0x90600000        0x1
 *(.cychipprotect)
 .cychipprotect
                0x90600000        0x1 .\CortexM0p\ARM_GCC_541\Debug\cymetadata.o
                0x90600000                cy_meta_chipprotect

.rel.dyn        0x000036f0        0x0 load address 0x90600004
 .rel.iplt      0x000036f0        0x0 c:/program files (x86)/cypress/psoc creator/4.4/psoc creator/import/gnu/arm/5.4.1/bin/../lib/gcc/arm-none-eabi/5.4.1/armv6-m/crtbegin.o

.stab
 *(.stab)

.stabstr
 *(.stabstr)

.debug
 *(.debug)

.line
 *(.line)

.debug_srcinfo
 *(.debug_srcinfo)

.debug_sfnames
 *(.debug_sfnames)

.debug_aranges  0x00000000      0xb20
 *(.debug_aranges)
 .debug_aranges
                0x00000000       0x68 .\CortexM0p\ARM_GCC_541\Debug\main.o
 .debug_aranges
                0x00000068       0x38 .\CortexM0p\ARM_GCC_541\Debug\cyfitter_cfg.o
 .debug_aranges
                0x000000a0       0x18 .\CortexM0p\ARM_GCC_541\Debug\cymetadata.o
 .debug_aranges
                0x000000b8       0x48 .\CortexM0p\ARM_GCC_541\Debug\Cm0plusStart.o
 .debug_aranges
                0x00000100       0x60 .\CortexM0p\ARM_GCC_541\Debug\CE216892 USB-HID Trackpad.a(EZI2C.o)
 .debug_aranges
                0x00000160       0x28 .\CortexM0p\ARM_GCC_541\Debug\CE216892 USB-HID Trackpad.a(EZI2C_PM.o)
 .debug_aranges
                0x00000188       0x60 .\CortexM0p\ARM_GCC_541\Debug\CE216892 USB-HID Trackpad.a(EZI2C_EZI2C.o)
 .debug_aranges
                0x000001e8       0x20 .\CortexM0p\ARM_GCC_541\Debug\CE216892 USB-HID Trackpad.a(EZI2C_EZI2C_INT.o)
 .debug_aranges
                0x00000208       0x48 .\CortexM0p\ARM_GCC_541\Debug\CE216892 USB-HID Trackpad.a(Red_LED.o)
 .debug_aranges
                0x00000250       0x68 .\CortexM0p\ARM_GCC_541\Debug\CE216892 USB-HID Trackpad.a(CapSense_Control.o)
 .debug_aranges
                0x000002b8       0x58 .\CortexM0p\ARM_GCC_541\Debug\CE216892 USB-HID Trackpad.a(CapSense_Processing.o)
 .debug_aranges
                0x00000310       0x60 .\CortexM0p\ARM_GCC_541\Debug\CE216892 USB-HID Trackpad.a(CapSense_Structure.o)
 .debug_aranges
                0x00000370       0x28 .\CortexM0p\ARM_GCC_541\Debug\CE216892 USB-HID Trackpad.a(CapSense_Tuner.o)
 .debug_aranges
                0x00000398       0xb0 .\CortexM0p\ARM_GCC_541\Debug\CE216892 USB-HID Trackpad.a(CapSense_Filter.o)
 .debug_aranges
                0x00000448       0xe0 .\CortexM0p\ARM_GCC_541\Debug\CE216892 USB-HID Trackpad.a(CapSense_Sensing.o)
 .debug_aranges
                0x00000528       0xe8 .\CortexM0p\ARM_GCC_541\Debug\CE216892 USB-HID Trackpad.a(CapSense_SensingCSD_LL.o)
 .debug_aranges
                0x00000610       0x40 .\CortexM0p\ARM_GCC_541\Debug\CE216892 USB-HID Trackpad.a(CapSense_Centroid_LL.o)
 .debug_aranges
                0x00000650       0x40 .\CortexM0p\ARM_GCC_541\Debug\CE216892 USB-HID Trackpad.a(EZI2C_SCBCLK.o)
 .debug_aranges
                0x00000690       0x80 .\CortexM0p\ARM_GCC_541\Debug\CE216892 USB-HID Trackpad.a(CapSense_ISR.o)
 .debug_aranges
                0x00000710      0x190 .\CortexM0p\ARM_GCC_541\Debug\CE216892 USB-HID Trackpad.a(CyLib.o)
 .debug_aranges
                0x000008a0       0x30 .\CortexM0p\ARM_GCC_541\Debug\CE216892 USB-HID Trackpad.a(cyPm.o)
 .debug_aranges
                0x000008d0      0x1a8 .\CortexM0p\ARM_GCC_541\Debug\CE216892 USB-HID Trackpad.a(CyLFClk.o)
 .debug_aranges
                0x00000a78       0x20 .\CortexM0p\ARM_GCC_541\Debug\CE216892 USB-HID Trackpad.a(CyBootAsmGnu.o)
 .debug_aranges
                0x00000a98       0x40 .\CortexM0p\ARM_GCC_541\Debug\CE216892 USB-HID Trackpad.a(CapSense_INT.o)
 .debug_aranges
                0x00000ad8       0x48 .\CortexM0p\ARM_GCC_541\Debug\CE216892 USB-HID Trackpad.a(CyFlash.o)

.debug_pubnames
 *(.debug_pubnames)

.debug_info     0x00000000     0xbe6c
 *(.debug_info .gnu.linkonce.wi.*)
 .debug_info    0x00000000      0x87b .\CortexM0p\ARM_GCC_541\Debug\main.o
 .debug_info    0x0000087b      0x186 .\CortexM0p\ARM_GCC_541\Debug\cyfitter_cfg.o
 .debug_info    0x00000a01       0xf8 .\CortexM0p\ARM_GCC_541\Debug\cymetadata.o
 .debug_info    0x00000af9      0x3a5 .\CortexM0p\ARM_GCC_541\Debug\Cm0plusStart.o
 .debug_info    0x00000e9e      0x298 .\CortexM0p\ARM_GCC_541\Debug\CE216892 USB-HID Trackpad.a(EZI2C.o)
 .debug_info    0x00001136       0xe3 .\CortexM0p\ARM_GCC_541\Debug\CE216892 USB-HID Trackpad.a(EZI2C_PM.o)
 .debug_info    0x00001219      0x383 .\CortexM0p\ARM_GCC_541\Debug\CE216892 USB-HID Trackpad.a(EZI2C_EZI2C.o)
 .debug_info    0x0000159c      0x1e4 .\CortexM0p\ARM_GCC_541\Debug\CE216892 USB-HID Trackpad.a(EZI2C_EZI2C_INT.o)
 .debug_info    0x00001780      0x19d .\CortexM0p\ARM_GCC_541\Debug\CE216892 USB-HID Trackpad.a(Red_LED.o)
 .debug_info    0x0000191d      0xd50 .\CortexM0p\ARM_GCC_541\Debug\CE216892 USB-HID Trackpad.a(CapSense_Control.o)
 .debug_info    0x0000266d     0x11e0 .\CortexM0p\ARM_GCC_541\Debug\CE216892 USB-HID Trackpad.a(CapSense_Processing.o)
 .debug_info    0x0000384d      0xfa0 .\CortexM0p\ARM_GCC_541\Debug\CE216892 USB-HID Trackpad.a(CapSense_Structure.o)
 .debug_info    0x000047ed      0x90a .\CortexM0p\ARM_GCC_541\Debug\CE216892 USB-HID Trackpad.a(CapSense_Tuner.o)
 .debug_info    0x000050f7      0xca6 .\CortexM0p\ARM_GCC_541\Debug\CE216892 USB-HID Trackpad.a(CapSense_Filter.o)
 .debug_info    0x00005d9d     0x146c .\CortexM0p\ARM_GCC_541\Debug\CE216892 USB-HID Trackpad.a(CapSense_Sensing.o)
 .debug_info    0x00007209     0x1779 .\CortexM0p\ARM_GCC_541\Debug\CE216892 USB-HID Trackpad.a(CapSense_SensingCSD_LL.o)
 .debug_info    0x00008982      0x5e1 .\CortexM0p\ARM_GCC_541\Debug\CE216892 USB-HID Trackpad.a(CapSense_Centroid_LL.o)
 .debug_info    0x00008f63      0x166 .\CortexM0p\ARM_GCC_541\Debug\CE216892 USB-HID Trackpad.a(EZI2C_SCBCLK.o)
 .debug_info    0x000090c9      0x305 .\CortexM0p\ARM_GCC_541\Debug\CE216892 USB-HID Trackpad.a(CapSense_ISR.o)
 .debug_info    0x000093ce      0xbce .\CortexM0p\ARM_GCC_541\Debug\CE216892 USB-HID Trackpad.a(CyLib.o)
 .debug_info    0x00009f9c      0x1b5 .\CortexM0p\ARM_GCC_541\Debug\CE216892 USB-HID Trackpad.a(cyPm.o)
 .debug_info    0x0000a151      0xd06 .\CortexM0p\ARM_GCC_541\Debug\CE216892 USB-HID Trackpad.a(CyLFClk.o)
 .debug_info    0x0000ae57       0xff .\CortexM0p\ARM_GCC_541\Debug\CE216892 USB-HID Trackpad.a(CyBootAsmGnu.o)
 .debug_info    0x0000af56      0xaff .\CortexM0p\ARM_GCC_541\Debug\CE216892 USB-HID Trackpad.a(CapSense_INT.o)
 .debug_info    0x0000ba55      0x417 .\CortexM0p\ARM_GCC_541\Debug\CE216892 USB-HID Trackpad.a(CyFlash.o)

.debug_abbrev   0x00000000     0x237b
 *(.debug_abbrev)
 .debug_abbrev  0x00000000      0x166 .\CortexM0p\ARM_GCC_541\Debug\main.o
 .debug_abbrev  0x00000166       0xe8 .\CortexM0p\ARM_GCC_541\Debug\cyfitter_cfg.o
 .debug_abbrev  0x0000024e       0x5d .\CortexM0p\ARM_GCC_541\Debug\cymetadata.o
 .debug_abbrev  0x000002ab      0x1d0 .\CortexM0p\ARM_GCC_541\Debug\Cm0plusStart.o
 .debug_abbrev  0x0000047b      0x118 .\CortexM0p\ARM_GCC_541\Debug\CE216892 USB-HID Trackpad.a(EZI2C.o)
 .debug_abbrev  0x00000593       0x60 .\CortexM0p\ARM_GCC_541\Debug\CE216892 USB-HID Trackpad.a(EZI2C_PM.o)
 .debug_abbrev  0x000005f3      0x154 .\CortexM0p\ARM_GCC_541\Debug\CE216892 USB-HID Trackpad.a(EZI2C_EZI2C.o)
 .debug_abbrev  0x00000747       0xbf .\CortexM0p\ARM_GCC_541\Debug\CE216892 USB-HID Trackpad.a(EZI2C_EZI2C_INT.o)
 .debug_abbrev  0x00000806       0xc8 .\CortexM0p\ARM_GCC_541\Debug\CE216892 USB-HID Trackpad.a(Red_LED.o)
 .debug_abbrev  0x000008ce      0x20b .\CortexM0p\ARM_GCC_541\Debug\CE216892 USB-HID Trackpad.a(CapSense_Control.o)
 .debug_abbrev  0x00000ad9      0x244 .\CortexM0p\ARM_GCC_541\Debug\CE216892 USB-HID Trackpad.a(CapSense_Processing.o)
 .debug_abbrev  0x00000d1d      0x210 .\CortexM0p\ARM_GCC_541\Debug\CE216892 USB-HID Trackpad.a(CapSense_Structure.o)
 .debug_abbrev  0x00000f2d      0x166 .\CortexM0p\ARM_GCC_541\Debug\CE216892 USB-HID Trackpad.a(CapSense_Tuner.o)
 .debug_abbrev  0x00001093      0x229 .\CortexM0p\ARM_GCC_541\Debug\CE216892 USB-HID Trackpad.a(CapSense_Filter.o)
 .debug_abbrev  0x000012bc      0x221 .\CortexM0p\ARM_GCC_541\Debug\CE216892 USB-HID Trackpad.a(CapSense_Sensing.o)
 .debug_abbrev  0x000014dd      0x2bd .\CortexM0p\ARM_GCC_541\Debug\CE216892 USB-HID Trackpad.a(CapSense_SensingCSD_LL.o)
 .debug_abbrev  0x0000179a      0x171 .\CortexM0p\ARM_GCC_541\Debug\CE216892 USB-HID Trackpad.a(CapSense_Centroid_LL.o)
 .debug_abbrev  0x0000190b       0xb7 .\CortexM0p\ARM_GCC_541\Debug\CE216892 USB-HID Trackpad.a(EZI2C_SCBCLK.o)
 .debug_abbrev  0x000019c2      0x19a .\CortexM0p\ARM_GCC_541\Debug\CE216892 USB-HID Trackpad.a(CapSense_ISR.o)
 .debug_abbrev  0x00001b5c      0x1f5 .\CortexM0p\ARM_GCC_541\Debug\CE216892 USB-HID Trackpad.a(CyLib.o)
 .debug_abbrev  0x00001d51       0xd0 .\CortexM0p\ARM_GCC_541\Debug\CE216892 USB-HID Trackpad.a(cyPm.o)
 .debug_abbrev  0x00001e21      0x207 .\CortexM0p\ARM_GCC_541\Debug\CE216892 USB-HID Trackpad.a(CyLFClk.o)
 .debug_abbrev  0x00002028       0x14 .\CortexM0p\ARM_GCC_541\Debug\CE216892 USB-HID Trackpad.a(CyBootAsmGnu.o)
 .debug_abbrev  0x0000203c      0x1a1 .\CortexM0p\ARM_GCC_541\Debug\CE216892 USB-HID Trackpad.a(CapSense_INT.o)
 .debug_abbrev  0x000021dd      0x19e .\CortexM0p\ARM_GCC_541\Debug\CE216892 USB-HID Trackpad.a(CyFlash.o)

.debug_line     0x00000000     0x356d
 *(.debug_line)
 .debug_line    0x00000000      0x2e7 .\CortexM0p\ARM_GCC_541\Debug\main.o
 .debug_line    0x000002e7       0xcd .\CortexM0p\ARM_GCC_541\Debug\cyfitter_cfg.o
 .debug_line    0x000003b4      0x141 .\CortexM0p\ARM_GCC_541\Debug\cymetadata.o
 .debug_line    0x000004f5      0x247 .\CortexM0p\ARM_GCC_541\Debug\Cm0plusStart.o
 .debug_line    0x0000073c      0x128 .\CortexM0p\ARM_GCC_541\Debug\CE216892 USB-HID Trackpad.a(EZI2C.o)
 .debug_line    0x00000864       0x83 .\CortexM0p\ARM_GCC_541\Debug\CE216892 USB-HID Trackpad.a(EZI2C_PM.o)
 .debug_line    0x000008e7      0x143 .\CortexM0p\ARM_GCC_541\Debug\CE216892 USB-HID Trackpad.a(EZI2C_EZI2C.o)
 .debug_line    0x00000a2a      0x13a .\CortexM0p\ARM_GCC_541\Debug\CE216892 USB-HID Trackpad.a(EZI2C_EZI2C_INT.o)
 .debug_line    0x00000b64       0xbf .\CortexM0p\ARM_GCC_541\Debug\CE216892 USB-HID Trackpad.a(Red_LED.o)
 .debug_line    0x00000c23      0x229 .\CortexM0p\ARM_GCC_541\Debug\CE216892 USB-HID Trackpad.a(CapSense_Control.o)
 .debug_line    0x00000e4c      0x41d .\CortexM0p\ARM_GCC_541\Debug\CE216892 USB-HID Trackpad.a(CapSense_Processing.o)
 .debug_line    0x00001269      0x1f6 .\CortexM0p\ARM_GCC_541\Debug\CE216892 USB-HID Trackpad.a(CapSense_Structure.o)
 .debug_line    0x0000145f      0x11c .\CortexM0p\ARM_GCC_541\Debug\CE216892 USB-HID Trackpad.a(CapSense_Tuner.o)
 .debug_line    0x0000157b      0x2b6 .\CortexM0p\ARM_GCC_541\Debug\CE216892 USB-HID Trackpad.a(CapSense_Filter.o)
 .debug_line    0x00001831      0x554 .\CortexM0p\ARM_GCC_541\Debug\CE216892 USB-HID Trackpad.a(CapSense_Sensing.o)
 .debug_line    0x00001d85      0x560 .\CortexM0p\ARM_GCC_541\Debug\CE216892 USB-HID Trackpad.a(CapSense_SensingCSD_LL.o)
 .debug_line    0x000022e5      0x195 .\CortexM0p\ARM_GCC_541\Debug\CE216892 USB-HID Trackpad.a(CapSense_Centroid_LL.o)
 .debug_line    0x0000247a       0xbf .\CortexM0p\ARM_GCC_541\Debug\CE216892 USB-HID Trackpad.a(EZI2C_SCBCLK.o)
 .debug_line    0x00002539      0x158 .\CortexM0p\ARM_GCC_541\Debug\CE216892 USB-HID Trackpad.a(CapSense_ISR.o)
 .debug_line    0x00002691      0x4dc .\CortexM0p\ARM_GCC_541\Debug\CE216892 USB-HID Trackpad.a(CyLib.o)
 .debug_line    0x00002b6d       0xa4 .\CortexM0p\ARM_GCC_541\Debug\CE216892 USB-HID Trackpad.a(cyPm.o)
 .debug_line    0x00002c11      0x5c1 .\CortexM0p\ARM_GCC_541\Debug\CE216892 USB-HID Trackpad.a(CyLFClk.o)
 .debug_line    0x000031d2       0x68 .\CortexM0p\ARM_GCC_541\Debug\CE216892 USB-HID Trackpad.a(CyBootAsmGnu.o)
 .debug_line    0x0000323a      0x153 .\CortexM0p\ARM_GCC_541\Debug\CE216892 USB-HID Trackpad.a(CapSense_INT.o)
 .debug_line    0x0000338d      0x1e0 .\CortexM0p\ARM_GCC_541\Debug\CE216892 USB-HID Trackpad.a(CyFlash.o)

.debug_frame    0x00000000     0x1e70
 *(.debug_frame)
 .debug_frame   0x00000000      0x12c .\CortexM0p\ARM_GCC_541\Debug\main.o
 .debug_frame   0x0000012c       0x74 .\CortexM0p\ARM_GCC_541\Debug\cyfitter_cfg.o
 .debug_frame   0x000001a0       0xbc .\CortexM0p\ARM_GCC_541\Debug\Cm0plusStart.o
 .debug_frame   0x0000025c       0xe8 .\CortexM0p\ARM_GCC_541\Debug\CE216892 USB-HID Trackpad.a(EZI2C.o)
 .debug_frame   0x00000344       0x48 .\CortexM0p\ARM_GCC_541\Debug\CE216892 USB-HID Trackpad.a(EZI2C_PM.o)
 .debug_frame   0x0000038c       0xe0 .\CortexM0p\ARM_GCC_541\Debug\CE216892 USB-HID Trackpad.a(EZI2C_EZI2C.o)
 .debug_frame   0x0000046c       0x30 .\CortexM0p\ARM_GCC_541\Debug\CE216892 USB-HID Trackpad.a(EZI2C_EZI2C_INT.o)
 .debug_frame   0x0000049c       0x70 .\CortexM0p\ARM_GCC_541\Debug\CE216892 USB-HID Trackpad.a(Red_LED.o)
 .debug_frame   0x0000050c      0x128 .\CortexM0p\ARM_GCC_541\Debug\CE216892 USB-HID Trackpad.a(CapSense_Control.o)
 .debug_frame   0x00000634      0x144 .\CortexM0p\ARM_GCC_541\Debug\CE216892 USB-HID Trackpad.a(CapSense_Processing.o)
 .debug_frame   0x00000778       0xdc .\CortexM0p\ARM_GCC_541\Debug\CE216892 USB-HID Trackpad.a(CapSense_Structure.o)
 .debug_frame   0x00000854       0x40 .\CortexM0p\ARM_GCC_541\Debug\CE216892 USB-HID Trackpad.a(CapSense_Tuner.o)
 .debug_frame   0x00000894      0x240 .\CortexM0p\ARM_GCC_541\Debug\CE216892 USB-HID Trackpad.a(CapSense_Filter.o)
 .debug_frame   0x00000ad4      0x2c4 .\CortexM0p\ARM_GCC_541\Debug\CE216892 USB-HID Trackpad.a(CapSense_Sensing.o)
 .debug_frame   0x00000d98      0x36c .\CortexM0p\ARM_GCC_541\Debug\CE216892 USB-HID Trackpad.a(CapSense_SensingCSD_LL.o)
 .debug_frame   0x00001104       0xc4 .\CortexM0p\ARM_GCC_541\Debug\CE216892 USB-HID Trackpad.a(CapSense_Centroid_LL.o)
 .debug_frame   0x000011c8       0x6c .\CortexM0p\ARM_GCC_541\Debug\CE216892 USB-HID Trackpad.a(EZI2C_SCBCLK.o)
 .debug_frame   0x00001234      0x110 .\CortexM0p\ARM_GCC_541\Debug\CE216892 USB-HID Trackpad.a(CapSense_ISR.o)
 .debug_frame   0x00001344      0x418 .\CortexM0p\ARM_GCC_541\Debug\CE216892 USB-HID Trackpad.a(CyLib.o)
 .debug_frame   0x0000175c       0x58 .\CortexM0p\ARM_GCC_541\Debug\CE216892 USB-HID Trackpad.a(cyPm.o)
 .debug_frame   0x000017b4      0x484 .\CortexM0p\ARM_GCC_541\Debug\CE216892 USB-HID Trackpad.a(CyLFClk.o)
 .debug_frame   0x00001c38       0x94 .\CortexM0p\ARM_GCC_541\Debug\CE216892 USB-HID Trackpad.a(CapSense_INT.o)
 .debug_frame   0x00001ccc       0xa8 .\CortexM0p\ARM_GCC_541\Debug\CE216892 USB-HID Trackpad.a(CyFlash.o)
 .debug_frame   0x00001d74       0x20 c:/program files (x86)/cypress/psoc creator/4.4/psoc creator/import/gnu/arm/5.4.1/bin/../lib/gcc/arm-none-eabi/5.4.1/armv6-m\libgcc.a(_udivsi3.o)
 .debug_frame   0x00001d94       0x20 c:/program files (x86)/cypress/psoc creator/4.4/psoc creator/import/gnu/arm/5.4.1/bin/../lib/gcc/arm-none-eabi/5.4.1/armv6-m\libgcc.a(_divsi3.o)
 .debug_frame   0x00001db4       0x20 c:/program files (x86)/cypress/psoc creator/4.4/psoc creator/import/gnu/arm/5.4.1/bin/../lib/gcc/arm-none-eabi/5.4.1/../../../../arm-none-eabi/lib/armv6-m\libg_nano.a(lib_a-errno.o)
 .debug_frame   0x00001dd4       0x28 c:/program files (x86)/cypress/psoc creator/4.4/psoc creator/import/gnu/arm/5.4.1/bin/../lib/gcc/arm-none-eabi/5.4.1/../../../../arm-none-eabi/lib/armv6-m\libg_nano.a(lib_a-exit.o)
 .debug_frame   0x00001dfc       0x2c c:/program files (x86)/cypress/psoc creator/4.4/psoc creator/import/gnu/arm/5.4.1/bin/../lib/gcc/arm-none-eabi/5.4.1/../../../../arm-none-eabi/lib/armv6-m\libg_nano.a(lib_a-init.o)
 .debug_frame   0x00001e28       0x28 c:/program files (x86)/cypress/psoc creator/4.4/psoc creator/import/gnu/arm/5.4.1/bin/../lib/gcc/arm-none-eabi/5.4.1/../../../../arm-none-eabi/lib/armv6-m\libg_nano.a(lib_a-memcpy-stub.o)
 .debug_frame   0x00001e50       0x20 c:/program files (x86)/cypress/psoc creator/4.4/psoc creator/import/gnu/arm/5.4.1/bin/../lib/gcc/arm-none-eabi/5.4.1/../../../../arm-none-eabi/lib/armv6-m\libg_nano.a(lib_a-memset.o)

.debug_str      0x00000000     0x38e4
 *(.debug_str)
 .debug_str     0x00000000      0x664 .\CortexM0p\ARM_GCC_541\Debug\main.o
                                0x6bb (size before relaxing)
 .debug_str     0x00000664       0xa8 .\CortexM0p\ARM_GCC_541\Debug\cyfitter_cfg.o
                                0x2a3 (size before relaxing)
 .debug_str     0x0000070c       0x63 .\CortexM0p\ARM_GCC_541\Debug\cymetadata.o
                                0x23b (size before relaxing)
 .debug_str     0x0000076f      0x14e .\CortexM0p\ARM_GCC_541\Debug\Cm0plusStart.o
                                0x382 (size before relaxing)
 .debug_str     0x000008bd      0x138 .\CortexM0p\ARM_GCC_541\Debug\CE216892 USB-HID Trackpad.a(EZI2C.o)
                                0x351 (size before relaxing)
 .debug_str     0x000009f5       0x51 .\CortexM0p\ARM_GCC_541\Debug\CE216892 USB-HID Trackpad.a(EZI2C_PM.o)
                                0x258 (size before relaxing)
 .debug_str     0x00000a46      0x150 .\CortexM0p\ARM_GCC_541\Debug\CE216892 USB-HID Trackpad.a(EZI2C_EZI2C.o)
                                0x40b (size before relaxing)
 .debug_str     0x00000b96       0x97 .\CortexM0p\ARM_GCC_541\Debug\CE216892 USB-HID Trackpad.a(EZI2C_EZI2C_INT.o)
                                0x341 (size before relaxing)
 .debug_str     0x00000c2d       0xb6 .\CortexM0p\ARM_GCC_541\Debug\CE216892 USB-HID Trackpad.a(Red_LED.o)
                                0x2b7 (size before relaxing)
 .debug_str     0x00000ce3      0x8e9 .\CortexM0p\ARM_GCC_541\Debug\CE216892 USB-HID Trackpad.a(CapSense_Control.o)
                                0xb32 (size before relaxing)
 .debug_str     0x000015cc      0x2d7 .\CortexM0p\ARM_GCC_541\Debug\CE216892 USB-HID Trackpad.a(CapSense_Processing.o)
                                0xc34 (size before relaxing)
 .debug_str     0x000018a3      0x2c7 .\CortexM0p\ARM_GCC_541\Debug\CE216892 USB-HID Trackpad.a(CapSense_Structure.o)
                                0xbc6 (size before relaxing)
 .debug_str     0x00001b6a      0x135 .\CortexM0p\ARM_GCC_541\Debug\CE216892 USB-HID Trackpad.a(CapSense_Tuner.o)
                                0x805 (size before relaxing)
 .debug_str     0x00001c9f      0x28b .\CortexM0p\ARM_GCC_541\Debug\CE216892 USB-HID Trackpad.a(CapSense_Filter.o)
                                0x979 (size before relaxing)
 .debug_str     0x00001f2a      0x66e .\CortexM0p\ARM_GCC_541\Debug\CE216892 USB-HID Trackpad.a(CapSense_Sensing.o)
                                0xfba (size before relaxing)
 .debug_str     0x00002598      0x3eb .\CortexM0p\ARM_GCC_541\Debug\CE216892 USB-HID Trackpad.a(CapSense_SensingCSD_LL.o)
                                0xfff (size before relaxing)
 .debug_str     0x00002983      0x115 .\CortexM0p\ARM_GCC_541\Debug\CE216892 USB-HID Trackpad.a(CapSense_Centroid_LL.o)
                                0x59f (size before relaxing)
 .debug_str     0x00002a98       0xce .\CortexM0p\ARM_GCC_541\Debug\CE216892 USB-HID Trackpad.a(EZI2C_SCBCLK.o)
                                0x2e8 (size before relaxing)
 .debug_str     0x00002b66      0x14b .\CortexM0p\ARM_GCC_541\Debug\CE216892 USB-HID Trackpad.a(CapSense_ISR.o)
                                0x3bf (size before relaxing)
 .debug_str     0x00002cb1      0x48b .\CortexM0p\ARM_GCC_541\Debug\CE216892 USB-HID Trackpad.a(CyLib.o)
                                0x77e (size before relaxing)
 .debug_str     0x0000313c       0x4e .\CortexM0p\ARM_GCC_541\Debug\CE216892 USB-HID Trackpad.a(cyPm.o)
                                0x2c1 (size before relaxing)
 .debug_str     0x0000318a      0x579 .\CortexM0p\ARM_GCC_541\Debug\CE216892 USB-HID Trackpad.a(CyLFClk.o)
                                0x90c (size before relaxing)
 .debug_str     0x00003703       0xc4 .\CortexM0p\ARM_GCC_541\Debug\CE216892 USB-HID Trackpad.a(CapSense_INT.o)
                                0x905 (size before relaxing)
 .debug_str     0x000037c7      0x11d .\CortexM0p\ARM_GCC_541\Debug\CE216892 USB-HID Trackpad.a(CyFlash.o)
                                0x395 (size before relaxing)

.debug_loc      0x00000000     0x55ca
 *(.debug_loc)
 .debug_loc     0x00000000      0x308 .\CortexM0p\ARM_GCC_541\Debug\main.o
 .debug_loc     0x00000308       0x35 .\CortexM0p\ARM_GCC_541\Debug\cyfitter_cfg.o
 .debug_loc     0x0000033d      0x14f .\CortexM0p\ARM_GCC_541\Debug\Cm0plusStart.o
 .debug_loc     0x0000048c       0x7e .\CortexM0p\ARM_GCC_541\Debug\CE216892 USB-HID Trackpad.a(EZI2C.o)
 .debug_loc     0x0000050a       0xec .\CortexM0p\ARM_GCC_541\Debug\CE216892 USB-HID Trackpad.a(EZI2C_EZI2C.o)
 .debug_loc     0x000005f6      0x132 .\CortexM0p\ARM_GCC_541\Debug\CE216892 USB-HID Trackpad.a(EZI2C_EZI2C_INT.o)
 .debug_loc     0x00000728       0xa2 .\CortexM0p\ARM_GCC_541\Debug\CE216892 USB-HID Trackpad.a(Red_LED.o)
 .debug_loc     0x000007ca      0x43b .\CortexM0p\ARM_GCC_541\Debug\CE216892 USB-HID Trackpad.a(CapSense_Control.o)
 .debug_loc     0x00000c05      0xa5b .\CortexM0p\ARM_GCC_541\Debug\CE216892 USB-HID Trackpad.a(CapSense_Processing.o)
 .debug_loc     0x00001660      0x4ef .\CortexM0p\ARM_GCC_541\Debug\CE216892 USB-HID Trackpad.a(CapSense_Structure.o)
 .debug_loc     0x00001b4f      0x176 .\CortexM0p\ARM_GCC_541\Debug\CE216892 USB-HID Trackpad.a(CapSense_Tuner.o)
 .debug_loc     0x00001cc5      0xa24 .\CortexM0p\ARM_GCC_541\Debug\CE216892 USB-HID Trackpad.a(CapSense_Filter.o)
 .debug_loc     0x000026e9      0x84c .\CortexM0p\ARM_GCC_541\Debug\CE216892 USB-HID Trackpad.a(CapSense_Sensing.o)
 .debug_loc     0x00002f35      0xe5d .\CortexM0p\ARM_GCC_541\Debug\CE216892 USB-HID Trackpad.a(CapSense_SensingCSD_LL.o)
 .debug_loc     0x00003d92      0x3f8 .\CortexM0p\ARM_GCC_541\Debug\CE216892 USB-HID Trackpad.a(CapSense_Centroid_LL.o)
 .debug_loc     0x0000418a       0x76 .\CortexM0p\ARM_GCC_541\Debug\CE216892 USB-HID Trackpad.a(EZI2C_SCBCLK.o)
 .debug_loc     0x00004200       0x82 .\CortexM0p\ARM_GCC_541\Debug\CE216892 USB-HID Trackpad.a(CapSense_ISR.o)
 .debug_loc     0x00004282      0x5d9 .\CortexM0p\ARM_GCC_541\Debug\CE216892 USB-HID Trackpad.a(CyLib.o)
 .debug_loc     0x0000485b       0x71 .\CortexM0p\ARM_GCC_541\Debug\CE216892 USB-HID Trackpad.a(cyPm.o)
 .debug_loc     0x000048cc      0xa88 .\CortexM0p\ARM_GCC_541\Debug\CE216892 USB-HID Trackpad.a(CyLFClk.o)
 .debug_loc     0x00005354       0xb9 .\CortexM0p\ARM_GCC_541\Debug\CE216892 USB-HID Trackpad.a(CapSense_INT.o)
 .debug_loc     0x0000540d      0x1bd .\CortexM0p\ARM_GCC_541\Debug\CE216892 USB-HID Trackpad.a(CyFlash.o)

.debug_macinfo
 *(.debug_macinfo)

.debug_ranges   0x00000000      0x978
 *(.debug_ranges)
 .debug_ranges  0x00000000       0x58 .\CortexM0p\ARM_GCC_541\Debug\main.o
 .debug_ranges  0x00000058       0x28 .\CortexM0p\ARM_GCC_541\Debug\cyfitter_cfg.o
 .debug_ranges  0x00000080       0x38 .\CortexM0p\ARM_GCC_541\Debug\Cm0plusStart.o
 .debug_ranges  0x000000b8       0x50 .\CortexM0p\ARM_GCC_541\Debug\CE216892 USB-HID Trackpad.a(EZI2C.o)
 .debug_ranges  0x00000108       0x18 .\CortexM0p\ARM_GCC_541\Debug\CE216892 USB-HID Trackpad.a(EZI2C_PM.o)
 .debug_ranges  0x00000120       0x50 .\CortexM0p\ARM_GCC_541\Debug\CE216892 USB-HID Trackpad.a(EZI2C_EZI2C.o)
 .debug_ranges  0x00000170       0x10 .\CortexM0p\ARM_GCC_541\Debug\CE216892 USB-HID Trackpad.a(EZI2C_EZI2C_INT.o)
 .debug_ranges  0x00000180       0x38 .\CortexM0p\ARM_GCC_541\Debug\CE216892 USB-HID Trackpad.a(Red_LED.o)
 .debug_ranges  0x000001b8       0x58 .\CortexM0p\ARM_GCC_541\Debug\CE216892 USB-HID Trackpad.a(CapSense_Control.o)
 .debug_ranges  0x00000210       0x48 .\CortexM0p\ARM_GCC_541\Debug\CE216892 USB-HID Trackpad.a(CapSense_Processing.o)
 .debug_ranges  0x00000258       0x50 .\CortexM0p\ARM_GCC_541\Debug\CE216892 USB-HID Trackpad.a(CapSense_Structure.o)
 .debug_ranges  0x000002a8       0x18 .\CortexM0p\ARM_GCC_541\Debug\CE216892 USB-HID Trackpad.a(CapSense_Tuner.o)
 .debug_ranges  0x000002c0       0xa0 .\CortexM0p\ARM_GCC_541\Debug\CE216892 USB-HID Trackpad.a(CapSense_Filter.o)
 .debug_ranges  0x00000360       0xd0 .\CortexM0p\ARM_GCC_541\Debug\CE216892 USB-HID Trackpad.a(CapSense_Sensing.o)
 .debug_ranges  0x00000430       0xd8 .\CortexM0p\ARM_GCC_541\Debug\CE216892 USB-HID Trackpad.a(CapSense_SensingCSD_LL.o)
 .debug_ranges  0x00000508       0x30 .\CortexM0p\ARM_GCC_541\Debug\CE216892 USB-HID Trackpad.a(CapSense_Centroid_LL.o)
 .debug_ranges  0x00000538       0x30 .\CortexM0p\ARM_GCC_541\Debug\CE216892 USB-HID Trackpad.a(EZI2C_SCBCLK.o)
 .debug_ranges  0x00000568       0x70 .\CortexM0p\ARM_GCC_541\Debug\CE216892 USB-HID Trackpad.a(CapSense_ISR.o)
 .debug_ranges  0x000005d8      0x180 .\CortexM0p\ARM_GCC_541\Debug\CE216892 USB-HID Trackpad.a(CyLib.o)
 .debug_ranges  0x00000758       0x20 .\CortexM0p\ARM_GCC_541\Debug\CE216892 USB-HID Trackpad.a(cyPm.o)
 .debug_ranges  0x00000778      0x198 .\CortexM0p\ARM_GCC_541\Debug\CE216892 USB-HID Trackpad.a(CyLFClk.o)
 .debug_ranges  0x00000910       0x30 .\CortexM0p\ARM_GCC_541\Debug\CE216892 USB-HID Trackpad.a(CapSense_INT.o)
 .debug_ranges  0x00000940       0x38 .\CortexM0p\ARM_GCC_541\Debug\CE216892 USB-HID Trackpad.a(CyFlash.o)

.comment        0x00000000       0x6e
 .comment       0x00000000       0x6e .\CortexM0p\ARM_GCC_541\Debug\main.o
                                 0x6f (size before relaxing)
 .comment       0x0000006e       0x6f .\CortexM0p\ARM_GCC_541\Debug\cyfitter_cfg.o
 .comment       0x0000006e       0x6f .\CortexM0p\ARM_GCC_541\Debug\cymetadata.o
 .comment       0x0000006e       0x6f .\CortexM0p\ARM_GCC_541\Debug\Cm0plusStart.o
 .comment       0x0000006e       0x6f .\CortexM0p\ARM_GCC_541\Debug\CE216892 USB-HID Trackpad.a(EZI2C.o)
 .comment       0x0000006e       0x6f .\CortexM0p\ARM_GCC_541\Debug\CE216892 USB-HID Trackpad.a(EZI2C_PM.o)
 .comment       0x0000006e       0x6f .\CortexM0p\ARM_GCC_541\Debug\CE216892 USB-HID Trackpad.a(EZI2C_EZI2C.o)
 .comment       0x0000006e       0x6f .\CortexM0p\ARM_GCC_541\Debug\CE216892 USB-HID Trackpad.a(EZI2C_EZI2C_INT.o)
 .comment       0x0000006e       0x6f .\CortexM0p\ARM_GCC_541\Debug\CE216892 USB-HID Trackpad.a(Red_LED.o)
 .comment       0x0000006e       0x6f .\CortexM0p\ARM_GCC_541\Debug\CE216892 USB-HID Trackpad.a(CapSense_Control.o)
 .comment       0x0000006e       0x6f .\CortexM0p\ARM_GCC_541\Debug\CE216892 USB-HID Trackpad.a(CapSense_Processing.o)
 .comment       0x0000006e       0x6f .\CortexM0p\ARM_GCC_541\Debug\CE216892 USB-HID Trackpad.a(CapSense_Structure.o)
 .comment       0x0000006e       0x6f .\CortexM0p\ARM_GCC_541\Debug\CE216892 USB-HID Trackpad.a(CapSense_Tuner.o)
 .comment       0x0000006e       0x6f .\CortexM0p\ARM_GCC_541\Debug\CE216892 USB-HID Trackpad.a(CapSense_Filter.o)
 .comment       0x0000006e       0x6f .\CortexM0p\ARM_GCC_541\Debug\CE216892 USB-HID Trackpad.a(CapSense_Sensing.o)
 .comment       0x0000006e       0x6f .\CortexM0p\ARM_GCC_541\Debug\CE216892 USB-HID Trackpad.a(CapSense_SensingCSD_LL.o)
 .comment       0x0000006e       0x6f .\CortexM0p\ARM_GCC_541\Debug\CE216892 USB-HID Trackpad.a(CapSense_Centroid_LL.o)
 .comment       0x0000006e       0x6f .\CortexM0p\ARM_GCC_541\Debug\CE216892 USB-HID Trackpad.a(EZI2C_SCBCLK.o)
 .comment       0x0000006e       0x6f .\CortexM0p\ARM_GCC_541\Debug\CE216892 USB-HID Trackpad.a(CapSense_ISR.o)
 .comment       0x0000006e       0x6f .\CortexM0p\ARM_GCC_541\Debug\CE216892 USB-HID Trackpad.a(CyLib.o)
 .comment       0x0000006e       0x6f .\CortexM0p\ARM_GCC_541\Debug\CE216892 USB-HID Trackpad.a(cyPm.o)
 .comment       0x0000006e       0x6f .\CortexM0p\ARM_GCC_541\Debug\CE216892 USB-HID Trackpad.a(CyLFClk.o)
 .comment       0x0000006e       0x6f .\CortexM0p\ARM_GCC_541\Debug\CE216892 USB-HID Trackpad.a(CapSense_INT.o)
 .comment       0x0000006e       0x6f .\CortexM0p\ARM_GCC_541\Debug\CE216892 USB-HID Trackpad.a(CyFlash.o)

.debug_weaknames
 *(.debug_weaknames)

.debug_funcnames
 *(.debug_funcnames)

.debug_typenames
 *(.debug_typenames)

.debug_varnames
 *(.debug_varnames)

.note.gnu.arm.ident
 *(.note.gnu.arm.ident)

.ARM.attributes
                0x00000000       0x28
 *(.ARM.attributes)
 .ARM.attributes
                0x00000000       0x1e c:/program files (x86)/cypress/psoc creator/4.4/psoc creator/import/gnu/arm/5.4.1/bin/../lib/gcc/arm-none-eabi/5.4.1/armv6-m/crti.o
 .ARM.attributes
                0x0000001e       0x2c c:/program files (x86)/cypress/psoc creator/4.4/psoc creator/import/gnu/arm/5.4.1/bin/../lib/gcc/arm-none-eabi/5.4.1/armv6-m/crtbegin.o
 .ARM.attributes
                0x0000004a       0x1b c:/program files (x86)/cypress/psoc creator/4.4/psoc creator/import/gnu/arm/5.4.1/bin/../lib/gcc/arm-none-eabi/5.4.1/../../../../arm-none-eabi/lib/armv6-m/crt0.o
 .ARM.attributes
                0x00000065       0x32 .\CortexM0p\ARM_GCC_541\Debug\main.o
 .ARM.attributes
                0x00000097       0x32 .\CortexM0p\ARM_GCC_541\Debug\cyfitter_cfg.o
 .ARM.attributes
                0x000000c9       0x32 .\CortexM0p\ARM_GCC_541\Debug\cymetadata.o
 .ARM.attributes
                0x000000fb       0x32 .\CortexM0p\ARM_GCC_541\Debug\Cm0plusStart.o
 .ARM.attributes
                0x0000012d       0x32 .\CortexM0p\ARM_GCC_541\Debug\CE216892 USB-HID Trackpad.a(EZI2C.o)
 .ARM.attributes
                0x0000015f       0x32 .\CortexM0p\ARM_GCC_541\Debug\CE216892 USB-HID Trackpad.a(EZI2C_PM.o)
 .ARM.attributes
                0x00000191       0x32 .\CortexM0p\ARM_GCC_541\Debug\CE216892 USB-HID Trackpad.a(EZI2C_EZI2C.o)
 .ARM.attributes
                0x000001c3       0x32 .\CortexM0p\ARM_GCC_541\Debug\CE216892 USB-HID Trackpad.a(EZI2C_EZI2C_INT.o)
 .ARM.attributes
                0x000001f5       0x32 .\CortexM0p\ARM_GCC_541\Debug\CE216892 USB-HID Trackpad.a(Red_LED.o)
 .ARM.attributes
                0x00000227       0x32 .\CortexM0p\ARM_GCC_541\Debug\CE216892 USB-HID Trackpad.a(CapSense_Control.o)
 .ARM.attributes
                0x00000259       0x32 .\CortexM0p\ARM_GCC_541\Debug\CE216892 USB-HID Trackpad.a(CapSense_Processing.o)
 .ARM.attributes
                0x0000028b       0x32 .\CortexM0p\ARM_GCC_541\Debug\CE216892 USB-HID Trackpad.a(CapSense_Structure.o)
 .ARM.attributes
                0x000002bd       0x32 .\CortexM0p\ARM_GCC_541\Debug\CE216892 USB-HID Trackpad.a(CapSense_Tuner.o)
 .ARM.attributes
                0x000002ef       0x32 .\CortexM0p\ARM_GCC_541\Debug\CE216892 USB-HID Trackpad.a(CapSense_Filter.o)
 .ARM.attributes
                0x00000321       0x32 .\CortexM0p\ARM_GCC_541\Debug\CE216892 USB-HID Trackpad.a(CapSense_Sensing.o)
 .ARM.attributes
                0x00000353       0x32 .\CortexM0p\ARM_GCC_541\Debug\CE216892 USB-HID Trackpad.a(CapSense_SensingCSD_LL.o)
 .ARM.attributes
                0x00000385       0x32 .\CortexM0p\ARM_GCC_541\Debug\CE216892 USB-HID Trackpad.a(CapSense_Centroid_LL.o)
 .ARM.attributes
                0x000003b7       0x32 .\CortexM0p\ARM_GCC_541\Debug\CE216892 USB-HID Trackpad.a(EZI2C_SCBCLK.o)
 .ARM.attributes
                0x000003e9       0x32 .\CortexM0p\ARM_GCC_541\Debug\CE216892 USB-HID Trackpad.a(CapSense_ISR.o)
 .ARM.attributes
                0x0000041b       0x32 .\CortexM0p\ARM_GCC_541\Debug\CE216892 USB-HID Trackpad.a(CyLib.o)
 .ARM.attributes
                0x0000044d       0x32 .\CortexM0p\ARM_GCC_541\Debug\CE216892 USB-HID Trackpad.a(cyPm.o)
 .ARM.attributes
                0x0000047f       0x32 .\CortexM0p\ARM_GCC_541\Debug\CE216892 USB-HID Trackpad.a(CyLFClk.o)
 .ARM.attributes
                0x000004b1       0x22 .\CortexM0p\ARM_GCC_541\Debug\CE216892 USB-HID Trackpad.a(CyBootAsmGnu.o)
 .ARM.attributes
                0x000004d3       0x32 .\CortexM0p\ARM_GCC_541\Debug\CE216892 USB-HID Trackpad.a(CapSense_INT.o)
 .ARM.attributes
                0x00000505       0x32 .\CortexM0p\ARM_GCC_541\Debug\CE216892 USB-HID Trackpad.a(CyFlash.o)
 .ARM.attributes
                0x00000537       0x1e c:/program files (x86)/cypress/psoc creator/4.4/psoc creator/import/gnu/arm/5.4.1/bin/../lib/gcc/arm-none-eabi/5.4.1/armv6-m\libgcc.a(_udivsi3.o)
 .ARM.attributes
                0x00000555       0x1e c:/program files (x86)/cypress/psoc creator/4.4/psoc creator/import/gnu/arm/5.4.1/bin/../lib/gcc/arm-none-eabi/5.4.1/armv6-m\libgcc.a(_divsi3.o)
 .ARM.attributes
                0x00000573       0x1e c:/program files (x86)/cypress/psoc creator/4.4/psoc creator/import/gnu/arm/5.4.1/bin/../lib/gcc/arm-none-eabi/5.4.1/armv6-m\libgcc.a(_dvmd_tls.o)
 .ARM.attributes
                0x00000591       0x2c c:/program files (x86)/cypress/psoc creator/4.4/psoc creator/import/gnu/arm/5.4.1/bin/../lib/gcc/arm-none-eabi/5.4.1/../../../../arm-none-eabi/lib/armv6-m\libg_nano.a(lib_a-errno.o)
 .ARM.attributes
                0x000005bd       0x2c c:/program files (x86)/cypress/psoc creator/4.4/psoc creator/import/gnu/arm/5.4.1/bin/../lib/gcc/arm-none-eabi/5.4.1/../../../../arm-none-eabi/lib/armv6-m\libg_nano.a(lib_a-exit.o)
 .ARM.attributes
                0x000005e9       0x2c c:/program files (x86)/cypress/psoc creator/4.4/psoc creator/import/gnu/arm/5.4.1/bin/../lib/gcc/arm-none-eabi/5.4.1/../../../../arm-none-eabi/lib/armv6-m\libg_nano.a(lib_a-impure.o)
 .ARM.attributes
                0x00000615       0x2c c:/program files (x86)/cypress/psoc creator/4.4/psoc creator/import/gnu/arm/5.4.1/bin/../lib/gcc/arm-none-eabi/5.4.1/../../../../arm-none-eabi/lib/armv6-m\libg_nano.a(lib_a-init.o)
 .ARM.attributes
                0x00000641       0x2c c:/program files (x86)/cypress/psoc creator/4.4/psoc creator/import/gnu/arm/5.4.1/bin/../lib/gcc/arm-none-eabi/5.4.1/../../../../arm-none-eabi/lib/armv6-m\libg_nano.a(lib_a-memcpy-stub.o)
 .ARM.attributes
                0x0000066d       0x2c c:/program files (x86)/cypress/psoc creator/4.4/psoc creator/import/gnu/arm/5.4.1/bin/../lib/gcc/arm-none-eabi/5.4.1/../../../../arm-none-eabi/lib/armv6-m\libg_nano.a(lib_a-memset.o)
 .ARM.attributes
                0x00000699       0x2c c:/program files (x86)/cypress/psoc creator/4.4/psoc creator/import/gnu/arm/5.4.1/bin/../lib/gcc/arm-none-eabi/5.4.1/armv6-m/crtend.o
 .ARM.attributes
                0x000006c5       0x1e c:/program files (x86)/cypress/psoc creator/4.4/psoc creator/import/gnu/arm/5.4.1/bin/../lib/gcc/arm-none-eabi/5.4.1/armv6-m/crtn.o

/DISCARD/
 *(.note.GNU-stack)
OUTPUT(E:\Hackster Projects\Infenion Microcontroller\Infineon-CY8CKIT-041-41XX_Example_Projects-Software-v01_00-EN\PSoC 4100S\CE216892 USB-HID Trackpad\CE216892 USB-HID Trackpad.cydsn\CortexM0p\ARM_GCC_541\Debug\CE216892 USB-HID Trackpad.elf elf32-littlearm)
